2024-04-03 07:09:11.048 INFO  (main) [] o.e.j.u.log Logging initialized @5741ms to org.eclipse.jetty.util.log.Slf4jLog
2024-04-03 07:09:11.216 INFO  (main) [] o.e.j.s.Server jetty-9.4.48.v20220622; built: 2022-06-21T20:42:25.880Z; git: 6b67c5719d1f4371b33655ff2d047d24e171e49a; jvm 19.0.2+7-44
2024-04-03 07:09:11.689 INFO  (main) [] o.a.s.s.CoreContainerProvider Using logger factory org.apache.logging.slf4j.Log4jLoggerFactory
2024-04-03 07:09:11.699 INFO  (main) [] o.a.s.s.CoreContainerProvider  ___      _       Welcome to Apache Solr™ version 9.1.1
2024-04-03 07:09:11.699 INFO  (main) [] o.a.s.s.CoreContainerProvider / __| ___| |_ _   Starting in standalone mode on port 8983
2024-04-03 07:09:11.699 INFO  (main) [] o.a.s.s.CoreContainerProvider \__ \/ _ \ | '_|  Install dir: C:\Users\65877\NTU\IR\Information-Retrieval\backend\solr-9.1.1
2024-04-03 07:09:11.699 INFO  (main) [] o.a.s.s.CoreContainerProvider |___/\___/_|_|    Start time: 2024-04-03T07:09:11.699301700Z
2024-04-03 07:09:11.704 INFO  (main) [] o.a.s.s.CoreContainerProvider Solr Home: C:\Users\65877\NTU\IR\Information-Retrieval\backend\solr-9.1.1\server\solr (source: system property: solr.solr.home)
2024-04-03 07:09:11.705 INFO  (main) [] o.a.s.c.SolrXmlConfig Loading solr.xml from C:\Users\65877\NTU\IR\Information-Retrieval\backend\solr-9.1.1\server\solr\solr.xml
2024-04-03 07:09:11.764 INFO  (main) [] o.a.s.c.SolrResourceLoader Added 1 libs to classloader, from paths: [/C:/Users/65877/NTU/IR/Information-Retrieval/backend/solr-9.1.1/lib]
2024-04-03 07:09:12.570 WARN  (main) [] o.a.s.u.StartupLoggingUtils Jetty request logging enabled. Will retain logs for last 3 days. See chapter "Configuring Logging" in reference guide for how to configure.
2024-04-03 07:09:12.574 WARN  (main) [] o.a.s.c.CoreContainer Not all security plugins configured!  authentication=disabled authorization=disabled.  Solr is only as secure as you make it. Consider configuring authentication/authorization before exposing Solr to users internal or external.  See https://s.apache.org/solrsecurity for more info
2024-04-03 07:09:32.443 WARN  (main) [] o.a.s.h.a.SystemInfoHandler Resolving canonical hostname for local host took 19.791 seconds, possible DNS misconfiguration. Set the 'solr.dns.prevent.reverse.lookup'  sysprop to true on startup to prevent future lookups if DNS can not be fixed.
2024-04-03 07:09:32.548 INFO  (main) [] o.a.s.c.CorePropertiesLocator Found 2 core definitions underneath C:\Users\65877\NTU\IR\Information-Retrieval\backend\solr-9.1.1\server\solr
2024-04-03 07:09:32.549 INFO  (main) [] o.a.s.c.CorePropertiesLocator Cores are: [tech_products, films]
2024-04-03 07:09:32.551 INFO  (coreLoadExecutor-10-thread-2) [] o.a.s.c.TransientSolrCoreCacheDefault Allocating transient core cache for max 2147483647 cores with initial capacity of 1024
2024-04-03 07:09:32.578 INFO  (coreLoadExecutor-10-thread-2) [ x:films] o.a.s.c.SolrConfig Using Lucene MatchVersion: 9.3.0
2024-04-03 07:09:32.593 INFO  (coreLoadExecutor-10-thread-1) [ x:tech_products] o.a.s.c.SolrResourceLoader Added 91 libs to classloader, from paths: [/C:/Users/65877/NTU/IR/Information-Retrieval/backend/solr-9.1.1/modules/clustering/lib, /C:/Users/65877/NTU/IR/Information-Retrieval/backend/solr-9.1.1/modules/extraction/lib, /C:/Users/65877/NTU/IR/Information-Retrieval/backend/solr-9.1.1/modules/langid/lib, /C:/Users/65877/NTU/IR/Information-Retrieval/backend/solr-9.1.1/modules/ltr/lib, /C:/Users/65877/NTU/IR/Information-Retrieval/backend/solr-9.1.1/modules/scripting/lib]
2024-04-03 07:09:32.634 INFO  (coreLoadExecutor-10-thread-2) [ x:films] o.a.s.s.IndexSchema Schema name=default-config
2024-04-03 07:09:32.759 INFO  (coreLoadExecutor-10-thread-1) [ x:tech_products] o.a.s.c.SolrConfig Using Lucene MatchVersion: 9.3.0
2024-04-03 07:09:32.760 INFO  (coreLoadExecutor-10-thread-1) [ x:tech_products] o.a.s.u.SolrIndexConfig IndexWriter infoStream solr logging is enabled
2024-04-03 07:09:32.770 INFO  (coreLoadExecutor-10-thread-1) [ x:tech_products] o.a.s.s.IndexSchema Schema name=example
2024-04-03 07:09:32.844 INFO  (main) [] o.e.j.s.h.ContextHandler Started o.e.j.w.WebAppContext@4263b080{/solr,file:///C:/Users/65877/NTU/IR/Information-Retrieval/backend/solr-9.1.1/server/solr-webapp/webapp/,AVAILABLE}{C:\Users\65877\NTU\IR\Information-Retrieval\backend\solr-9.1.1\server/solr-webapp/webapp}
2024-04-03 07:09:32.850 INFO  (main) [] o.e.j.s.RequestLogWriter Opened C:\Users\65877\NTU\IR\Information-Retrieval\backend\solr-9.1.1\server\logs\2024_04_03.request.log
2024-04-03 07:09:32.859 INFO  (main) [] o.e.j.s.AbstractConnector Started ServerConnector@15c25153{HTTP/1.1, (http/1.1, h2c)}{127.0.0.1:8983}
2024-04-03 07:09:32.859 INFO  (main) [] o.e.j.s.Server Started @27554ms
2024-04-03 07:09:32.884 INFO  (coreLoadExecutor-10-thread-1) [ x:tech_products] o.a.s.r.RestManager Registered ManagedResource impl org.apache.solr.rest.schema.analysis.ManagedWordSetResource for path /schema/analysis/stopwords/english
2024-04-03 07:09:32.885 INFO  (coreLoadExecutor-10-thread-1) [ x:tech_products] o.a.s.r.RestManager Registered ManagedResource impl org.apache.solr.rest.schema.analysis.ManagedSynonymGraphFilterFactory$SynonymManager for path /schema/analysis/synonyms/english
2024-04-03 07:09:32.885 INFO  (coreLoadExecutor-10-thread-1) [ x:tech_products] o.a.s.r.RestManager Added observer of type org.apache.solr.rest.schema.analysis.ManagedStopFilterFactory to existing ManagedResource /schema/analysis/stopwords/english
2024-04-03 07:09:32.885 INFO  (coreLoadExecutor-10-thread-1) [ x:tech_products] o.a.s.r.RestManager Added observer of type org.apache.solr.rest.schema.analysis.ManagedSynonymGraphFilterFactory to existing ManagedResource /schema/analysis/synonyms/english
2024-04-03 07:09:32.890 INFO  (coreLoadExecutor-10-thread-1) [ x:tech_products] o.a.s.s.IndexSchema Loaded schema example/1.6 with uniqueid field id
2024-04-03 07:09:32.890 INFO  (coreLoadExecutor-10-thread-2) [ x:films] o.a.s.s.IndexSchema Loaded schema default-config/1.6 with uniqueid field id
2024-04-03 07:09:32.890 INFO  (coreLoadExecutor-10-thread-2) [ x:films] o.a.s.c.CoreContainer Creating SolrCore 'films' using configuration from instancedir C:\Users\65877\NTU\IR\Information-Retrieval\backend\solr-9.1.1\server\solr\films, trusted=true
2024-04-03 07:09:32.916 INFO  (coreLoadExecutor-10-thread-1) [ x:tech_products] o.a.s.c.CoreContainer Creating SolrCore 'tech_products' using configuration from instancedir C:\Users\65877\NTU\IR\Information-Retrieval\backend\solr-9.1.1\server\solr\configsets\sample_techproducts_configs, trusted=true
2024-04-03 07:09:32.921 INFO  (coreLoadExecutor-10-thread-2) [ x:films] o.a.s.c.SolrCore Opening new SolrCore at [C:\Users\65877\NTU\IR\Information-Retrieval\backend\solr-9.1.1\server\solr\films], dataDir=[C:\Users\65877\NTU\IR\Information-Retrieval\backend\solr-9.1.1\server\solr\films\data\]
2024-04-03 07:09:32.921 INFO  (coreLoadExecutor-10-thread-1) [ x:tech_products] o.a.s.c.SolrCore Opening new SolrCore at [C:\Users\65877\NTU\IR\Information-Retrieval\backend\solr-9.1.1\server\solr\configsets\sample_techproducts_configs], dataDir=[C:\Users\65877\NTU\IR\Information-Retrieval\backend\solr-9.1.1\server\solr\configsets\sample_techproducts_configs\data\]
2024-04-03 07:09:34.449 INFO  (qtp816798571-44) [] o.a.s.s.HttpSolrCall [admin] webapp=null path=/admin/info/system params={wt=json} status=0 QTime=24
2024-04-03 07:09:52.914 WARN  (coreLoadExecutor-10-thread-1) [ x:tech_products] o.a.s.h.a.SystemInfoHandler Resolving canonical hostname for local host took 19.796 seconds, possible DNS misconfiguration. Set the 'solr.dns.prevent.reverse.lookup'  sysprop to true on startup to prevent future lookups if DNS can not be fixed.
2024-04-03 07:09:52.946 WARN  (coreLoadExecutor-10-thread-2) [ x:films] o.a.s.h.a.SystemInfoHandler Resolving canonical hostname for local host took 19.791 seconds, possible DNS misconfiguration. Set the 'solr.dns.prevent.reverse.lookup'  sysprop to true on startup to prevent future lookups if DNS can not be fixed.
2024-04-03 07:09:53.025 INFO  (coreLoadExecutor-10-thread-1) [ x:tech_products] o.a.s.u.UpdateHandler Using UpdateLog implementation: org.apache.solr.update.UpdateLog
2024-04-03 07:09:53.025 INFO  (coreLoadExecutor-10-thread-2) [ x:films] o.a.s.u.UpdateHandler Using UpdateLog implementation: org.apache.solr.update.UpdateLog
2024-04-03 07:09:53.026 INFO  (coreLoadExecutor-10-thread-2) [ x:films] o.a.s.u.UpdateLog Initializing UpdateLog: dataDir= defaultSyncLevel=FLUSH numRecordsToKeep=100 maxNumLogsToKeep=10 numVersionBuckets=65536
2024-04-03 07:09:53.026 INFO  (coreLoadExecutor-10-thread-1) [ x:tech_products] o.a.s.u.UpdateLog Initializing UpdateLog: dataDir= defaultSyncLevel=FLUSH numRecordsToKeep=100 maxNumLogsToKeep=10 numVersionBuckets=65536
2024-04-03 07:09:53.041 INFO  (coreLoadExecutor-10-thread-1) [ x:tech_products] o.a.s.u.CommitTracker Hard AutoCommit: if uncommitted for 15000ms; 
2024-04-03 07:09:53.041 INFO  (coreLoadExecutor-10-thread-2) [ x:films] o.a.s.u.CommitTracker Hard AutoCommit: if uncommitted for 15000ms; 
2024-04-03 07:09:53.041 INFO  (coreLoadExecutor-10-thread-1) [ x:tech_products] o.a.s.u.CommitTracker Soft AutoCommit: disabled
2024-04-03 07:09:53.041 INFO  (coreLoadExecutor-10-thread-2) [ x:films] o.a.s.u.CommitTracker Soft AutoCommit: disabled
2024-04-03 07:09:53.161 INFO  (coreLoadExecutor-10-thread-2) [ x:films] o.a.s.r.ManagedResourceStorage File-based storage initialized to use dir: C:\Users\65877\NTU\IR\Information-Retrieval\backend\solr-9.1.1\server\solr\films\conf
2024-04-03 07:09:53.161 INFO  (coreLoadExecutor-10-thread-1) [ x:tech_products] o.a.s.r.ManagedResourceStorage File-based storage initialized to use dir: C:\Users\65877\NTU\IR\Information-Retrieval\backend\solr-9.1.1\server\solr\configsets\sample_techproducts_configs\conf
2024-04-03 07:09:53.162 INFO  (coreLoadExecutor-10-thread-1) [ x:tech_products] o.a.s.r.ManagedResourceStorage Loaded LinkedHashMap at path _rest_managed.json using file:dir=C:\Users\65877\NTU\IR\Information-Retrieval\backend\solr-9.1.1\server\solr\configsets\sample_techproducts_configs\conf
2024-04-03 07:09:53.162 INFO  (coreLoadExecutor-10-thread-1) [ x:tech_products] o.a.s.r.ManagedResource Loaded initArgs {} for /rest/managed
2024-04-03 07:09:53.163 INFO  (coreLoadExecutor-10-thread-1) [ x:tech_products] o.a.s.r.ManagedResourceStorage Loaded LinkedHashMap at path _schema_analysis_stopwords_english.json using file:dir=C:\Users\65877\NTU\IR\Information-Retrieval\backend\solr-9.1.1\server\solr\configsets\sample_techproducts_configs\conf
2024-04-03 07:09:53.163 INFO  (coreLoadExecutor-10-thread-1) [ x:tech_products] o.a.s.r.ManagedResource Loaded initArgs {ignoreCase=true} for /schema/analysis/stopwords/english
2024-04-03 07:09:53.163 INFO  (coreLoadExecutor-10-thread-1) [ x:tech_products] o.a.s.r.s.a.ManagedWordSetResource Loaded 35 words for /schema/analysis/stopwords/english
2024-04-03 07:09:53.164 INFO  (coreLoadExecutor-10-thread-1) [ x:tech_products] o.a.s.r.ManagedResource Notified 2 observers of /schema/analysis/stopwords/english
2024-04-03 07:09:53.164 INFO  (coreLoadExecutor-10-thread-1) [ x:tech_products] o.a.s.r.ManagedResourceStorage Loaded LinkedHashMap at path _schema_analysis_synonyms_english.json using file:dir=C:\Users\65877\NTU\IR\Information-Retrieval\backend\solr-9.1.1\server\solr\configsets\sample_techproducts_configs\conf
2024-04-03 07:09:53.164 INFO  (coreLoadExecutor-10-thread-1) [ x:tech_products] o.a.s.r.ManagedResource Loaded initArgs {ignoreCase=true, format=solr} for /schema/analysis/synonyms/english
2024-04-03 07:09:53.165 INFO  (coreLoadExecutor-10-thread-1) [ x:tech_products] o.a.s.r.s.a.ManagedSynonymGraphFilterFactory Loaded 3 synonym mappings for /schema/analysis/synonyms/english
2024-04-03 07:09:53.166 INFO  (coreLoadExecutor-10-thread-1) [ x:tech_products] o.a.s.r.ManagedResource Notified 2 observers of /schema/analysis/synonyms/english
2024-04-03 07:09:53.174 INFO  (coreLoadExecutor-10-thread-2) [ x:films] o.a.s.s.DirectSolrSpellChecker init: {name=default, field=_text_, classname=solr.DirectSolrSpellChecker, distanceMeasure=internal, maxEdits=2, minPrefix=1, maxInspections=5, minQueryLength=4, accuracy=0.5, maxQueryFrequency=0.01}
2024-04-03 07:09:53.174 INFO  (coreLoadExecutor-10-thread-1) [ x:tech_products] o.a.s.s.DirectSolrSpellChecker init: {name=default, field=text, classname=solr.DirectSolrSpellChecker, distanceMeasure=internal, maxEdits=2, minPrefix=1, maxInspections=5, minQueryLength=4, accuracy=0.5, maxQueryFrequency=0.01}
2024-04-03 07:09:53.176 INFO  (coreLoadExecutor-10-thread-2) [ x:films] o.a.s.h.c.SuggestComponent Initializing SuggestComponent
2024-04-03 07:09:53.177 INFO  (coreLoadExecutor-10-thread-2) [ x:films] o.a.s.s.s.SolrSuggester init: {name=mySuggester, lookupImpl=AnalyzingLookupFactory, dictionaryImpl=DocumentDictionaryFactory, field=movie_name, suggestAnalyzerFieldType=string, buildOnStartup=true}
2024-04-03 07:09:53.178 INFO  (coreLoadExecutor-10-thread-1) [ x:tech_products] o.a.s.h.c.SuggestComponent Initializing SuggestComponent
2024-04-03 07:09:53.178 INFO  (coreLoadExecutor-10-thread-1) [ x:tech_products] o.a.s.s.s.SolrSuggester init: {name=mySuggester, lookupImpl=FuzzyLookupFactory, dictionaryImpl=DocumentDictionaryFactory, field=cat, weightField=price, suggestAnalyzerFieldType=string, buildOnStartup=false}
2024-04-03 07:09:53.185 INFO  (coreLoadExecutor-10-thread-1) [ x:tech_products] o.a.s.s.s.SolrSuggester Dictionary loaded with params: {name=mySuggester, lookupImpl=FuzzyLookupFactory, dictionaryImpl=DocumentDictionaryFactory, field=cat, weightField=price, suggestAnalyzerFieldType=string, buildOnStartup=false}
2024-04-03 07:09:53.185 INFO  (coreLoadExecutor-10-thread-2) [ x:films] o.a.s.s.s.SolrSuggester Dictionary loaded with params: {name=mySuggester, lookupImpl=AnalyzingLookupFactory, dictionaryImpl=DocumentDictionaryFactory, field=movie_name, suggestAnalyzerFieldType=string, buildOnStartup=true}
2024-04-03 07:09:53.186 INFO  (coreLoadExecutor-10-thread-2) [ x:films] o.a.s.h.c.SuggestComponent Registering searcher listener for suggester: mySuggester = SuggesterListener [core=org.apache.solr.core.SolrCore@5c56acde films, suggester=SolrSuggester [ name=mySuggester, sourceLocation=null, storeDir=, lookupImpl=AnalyzingLookupFactory, dictionaryImpl=DocumentDictionaryFactory, sizeInBytes=0 ], buildOnCommit=false, buildOnOptimize=false, buildOnStartup=true, isCoreReload=false]
2024-04-03 07:09:53.194 INFO  (coreLoadExecutor-10-thread-1) [ x:tech_products] o.a.s.h.ReplicationHandler Commits will be reserved for 10000 ms
2024-04-03 07:09:53.194 INFO  (coreLoadExecutor-10-thread-2) [ x:films] o.a.s.h.ReplicationHandler Commits will be reserved for 10000 ms
2024-04-03 07:09:53.205 INFO  (searcherExecutor-12-thread-1-processing-films) [ x:films] o.a.s.c.QuerySenderListener QuerySenderListener done.
2024-04-03 07:09:53.205 INFO  (searcherExecutor-12-thread-1-processing-films) [ x:films] o.a.s.h.c.SpellCheckComponent Loading spell index for spellchecker: default
2024-04-03 07:09:53.205 INFO  (searcherExecutor-12-thread-1-processing-films) [ x:films] o.a.s.h.c.SuggestComponent buildOnStartup: mySuggester
2024-04-03 07:09:53.205 INFO  (searcherExecutor-12-thread-1-processing-films) [ x:films] o.a.s.s.s.SolrSuggester SolrSuggester.build(mySuggester)
2024-04-03 07:09:53.254 INFO  (searcherExecutor-14-thread-1-processing-tech_products) [ x:tech_products] o.a.s.c.S.Request webapp=null path=null params={q=static+firstSearcher+warming+in+solrconfig.xml&distrib=false&event=firstSearcher} hits=3 status=0 QTime=48
2024-04-03 07:09:53.259 INFO  (searcherExecutor-14-thread-1-processing-tech_products) [ x:tech_products] o.a.s.c.QuerySenderListener QuerySenderListener done.
2024-04-03 07:09:53.259 INFO  (searcherExecutor-14-thread-1-processing-tech_products) [ x:tech_products] o.a.s.h.c.SpellCheckComponent Loading spell index for spellchecker: default
2024-04-03 07:09:53.260 INFO  (searcherExecutor-14-thread-1-processing-tech_products) [ x:tech_products] o.a.s.h.c.SpellCheckComponent Loading spell index for spellchecker: wordbreak
2024-04-03 07:09:53.265 INFO  (searcherExecutor-14-thread-1-processing-tech_products) [ x:tech_products] o.a.s.c.SolrCore Registered new searcher autowarm time: 0 ms
2024-04-03 07:09:53.562 INFO  (searcherExecutor-12-thread-1-processing-films) [ x:films] o.a.s.c.SolrCore Registered new searcher autowarm time: 0 ms
2024-04-03 07:10:47.029 INFO  (qtp816798571-37) [ x:films] o.a.s.c.S.Request webapp=/solr path=/select params={q=*:*&start=0&q.op=OR&rows=30&wt=json} hits=13490 status=0 QTime=2
2024-04-03 07:10:47.063 INFO  (qtp816798571-38) [ x:films] o.a.s.c.S.Request webapp=/solr path=/select params={q=*:*&start=0&q.op=OR&rows=30&wt=json} hits=13490 status=0 QTime=3
2024-04-03 07:19:02.088 INFO  (qtp816798571-37) [ x:films] o.a.s.c.S.Request webapp=/solr path=/select params={q=*:*&start=0&q.op=OR&rows=30&wt=json} hits=13490 status=0 QTime=0
2024-04-03 07:19:02.097 INFO  (qtp816798571-40) [ x:films] o.a.s.c.S.Request webapp=/solr path=/select params={q=*:*&start=0&q.op=OR&rows=30&wt=json} hits=13490 status=0 QTime=0
2024-04-03 07:19:05.493 INFO  (qtp816798571-35) [ x:films] o.a.s.c.S.Request webapp=/solr path=/select params={q=*:*&start=0&q.op=OR&rows=30&wt=json} hits=13490 status=0 QTime=0
2024-04-03 07:19:05.500 INFO  (qtp816798571-43) [ x:films] o.a.s.c.S.Request webapp=/solr path=/select params={q=*:*&start=0&q.op=OR&rows=30&wt=json} hits=13490 status=0 QTime=0
2024-04-03 07:22:52.983 INFO  (qtp816798571-39) [ x:films] o.a.s.c.S.Request webapp=/solr path=/select params={q=*:*&start=0&q.op=OR&rows=30&wt=json} hits=13490 status=0 QTime=0
2024-04-03 07:22:52.984 INFO  (qtp816798571-35) [ x:films] o.a.s.c.S.Request webapp=/solr path=/select params={q=id:c4938af3-d785-4dfa-ae3f-74895f644cb2&start=0&q.op=OR&rows=10&wt=json} hits=1 status=0 QTime=2
2024-04-03 07:22:52.989 INFO  (qtp816798571-38) [ x:films] o.a.s.c.S.Request webapp=/solr path=/select params={q=id:c4938af3-d785-4dfa-ae3f-74895f644cb2&start=0&q.op=OR&rows=10&wt=json} hits=1 status=0 QTime=0
2024-04-03 07:22:52.993 INFO  (qtp816798571-43) [ x:films] o.a.s.c.S.Request webapp=/solr path=/select params={q=*:*&start=0&q.op=OR&rows=30&wt=json} hits=13490 status=0 QTime=0
2024-04-03 07:22:52.999 INFO  (qtp816798571-66) [ x:films] o.a.s.c.S.Request webapp=/solr path=/select params={q={!mlt+qf%3Dmovie_director_cast+mintf%3D1+mindf%3D7}c4938af3-d785-4dfa-ae3f-74895f644cb2&start=0&q.op=OR&rows=5&wt=json} hits=427 status=0 QTime=15
2024-04-03 07:22:53.001 INFO  (qtp816798571-36) [ x:films] o.a.s.c.S.Request webapp=/solr path=/select params={q={!mlt+qf%3Dmovie_name+mintf%3D1+mindf%3D6}c4938af3-d785-4dfa-ae3f-74895f644cb2&start=0&q.op=OR&rows=5&wt=json} hits=4115 status=0 QTime=17
2024-04-03 07:22:53.005 INFO  (qtp816798571-65) [ x:films] o.a.s.c.S.Request webapp=/solr path=/select params={q={!mlt+qf%3Dmovie_director_cast+mintf%3D1+mindf%3D7}c4938af3-d785-4dfa-ae3f-74895f644cb2&start=0&q.op=OR&rows=5&wt=json} hits=427 status=0 QTime=1
2024-04-03 07:22:53.006 INFO  (qtp816798571-42) [ x:films] o.a.s.c.S.Request webapp=/solr path=/select params={q={!mlt+qf%3Dmovie_name+mintf%3D1+mindf%3D6}c4938af3-d785-4dfa-ae3f-74895f644cb2&start=0&q.op=OR&rows=5&wt=json} hits=4115 status=0 QTime=1
2024-04-03 07:23:24.385 INFO  (qtp816798571-39) [ x:films] o.a.s.c.S.Request webapp=/solr path=/select params={q=*:*&start=0&q.op=OR&rows=30&wt=json} hits=13490 status=0 QTime=0
2024-04-03 07:23:24.392 INFO  (qtp816798571-44) [ x:films] o.a.s.c.S.Request webapp=/solr path=/select params={q=*:*&start=0&q.op=OR&rows=30&wt=json} hits=13490 status=0 QTime=0
2024-04-03 07:27:28.012 INFO  (qtp816798571-66) [ x:films] o.a.s.c.S.Request webapp=/solr path=/select params={q=*:*&start=0&q.op=OR&rows=30&wt=json} hits=13490 status=0 QTime=0
2024-04-03 07:27:28.018 INFO  (qtp816798571-43) [ x:films] o.a.s.c.S.Request webapp=/solr path=/select params={q=*:*&start=0&q.op=OR&rows=30&wt=json} hits=13490 status=0 QTime=0
