[2023-04-03T15:52:52.603+0800][0.012s] CardTable entry size: 512
[2023-04-03T15:52:52.604+0800][0.012s] Using G1
[2023-04-03T15:52:52.749+0800][0.157s] Version: 19.0.2+7-44 (release)
[2023-04-03T15:52:52.749+0800][0.157s] CPUs: 12 total, 12 available
[2023-04-03T15:52:52.749+0800][0.157s] Memory: 16318M
[2023-04-03T15:52:52.749+0800][0.157s] Large Page Support: Disabled
[2023-04-03T15:52:52.749+0800][0.157s] NUMA Support: Disabled
[2023-04-03T15:52:52.749+0800][0.157s] Compressed Oops: Enabled (32-bit)
[2023-04-03T15:52:52.749+0800][0.157s] Heap Region Size: 1M
[2023-04-03T15:52:52.749+0800][0.157s] Heap Min Capacity: 512M
[2023-04-03T15:52:52.749+0800][0.157s] Heap Initial Capacity: 512M
[2023-04-03T15:52:52.749+0800][0.157s] Heap Max Capacity: 512M
[2023-04-03T15:52:52.749+0800][0.157s] Pre-touch: Enabled
[2023-04-03T15:52:52.749+0800][0.157s] Parallel Workers: 10
[2023-04-03T15:52:52.749+0800][0.157s] Concurrent Workers: 3
[2023-04-03T15:52:52.749+0800][0.157s] Concurrent Refinement Workers: 10
[2023-04-03T15:52:52.749+0800][0.157s] Periodic GC: Disabled
[2023-04-03T15:52:52.750+0800][0.158s] CDS archive(s) mapped at: [0x0000000800000000-0x0000000800c40000-0x0000000800c40000), size 12845056, SharedBaseAddress: 0x0000000800000000, ArchiveRelocationMode: 0.
[2023-04-03T15:52:52.750+0800][0.158s] Compressed class space mapped at: 0x0000000801000000-0x0000000841000000, reserved size: 1073741824
[2023-04-03T15:52:52.750+0800][0.158s] Narrow klass base: 0x0000000800000000, Narrow klass shift: 0, Narrow klass range: 0x100000000
[2023-04-03T15:52:53.362+0800][0.770s] GC(0) Pause Young (Normal) (G1 Evacuation Pause)
[2023-04-03T15:52:53.362+0800][0.770s] GC(0) Using 10 workers of 10 for evacuation
[2023-04-03T15:52:53.365+0800][0.773s] GC(0)   Pre Evacuate Collection Set: 0.1ms
[2023-04-03T15:52:53.365+0800][0.773s] GC(0)   Merge Heap Roots: 0.1ms
[2023-04-03T15:52:53.365+0800][0.773s] GC(0)   Evacuate Collection Set: 2.3ms
[2023-04-03T15:52:53.365+0800][0.773s] GC(0)   Post Evacuate Collection Set: 0.4ms
[2023-04-03T15:52:53.365+0800][0.773s] GC(0)   Other: 0.4ms
[2023-04-03T15:52:53.365+0800][0.773s] GC(0) Eden regions: 29->0(44)
[2023-04-03T15:52:53.365+0800][0.773s] GC(0) Survivor regions: 0->4(4)
[2023-04-03T15:52:53.365+0800][0.773s] GC(0) Old regions: 0->0
[2023-04-03T15:52:53.365+0800][0.773s] GC(0) Archive regions: 0->0
[2023-04-03T15:52:53.365+0800][0.773s] GC(0) Humongous regions: 0->0
[2023-04-03T15:52:53.365+0800][0.773s] GC(0) Metaspace: 5819K(6016K)->5819K(6016K) NonClass: 5205K(5312K)->5205K(5312K) Class: 614K(704K)->614K(704K)
[2023-04-03T15:52:53.365+0800][0.773s] GC(0) Pause Young (Normal) (G1 Evacuation Pause) 29M->3M(512M) 3.586ms
[2023-04-03T15:52:53.365+0800][0.774s] GC(0) User=0.03s Sys=0.02s Real=0.00s
[2023-04-03T15:52:54.003+0800][1.412s] GC(1) Pause Young (Normal) (G1 Evacuation Pause)
[2023-04-03T15:52:54.004+0800][1.412s] GC(1) Using 10 workers of 10 for evacuation
[2023-04-03T15:52:54.009+0800][1.418s] GC(1)   Pre Evacuate Collection Set: 0.1ms
[2023-04-03T15:52:54.009+0800][1.418s] GC(1)   Merge Heap Roots: 0.1ms
[2023-04-03T15:52:54.009+0800][1.418s] GC(1)   Evacuate Collection Set: 5.3ms
[2023-04-03T15:52:54.009+0800][1.418s] GC(1)   Post Evacuate Collection Set: 0.5ms
[2023-04-03T15:52:54.009+0800][1.418s] GC(1)   Other: 0.1ms
[2023-04-03T15:52:54.010+0800][1.418s] GC(1) Eden regions: 44->0(301)
[2023-04-03T15:52:54.010+0800][1.418s] GC(1) Survivor regions: 4->6(6)
[2023-04-03T15:52:54.010+0800][1.418s] GC(1) Old regions: 0->8
[2023-04-03T15:52:54.010+0800][1.418s] GC(1) Archive regions: 0->0
[2023-04-03T15:52:54.010+0800][1.418s] GC(1) Humongous regions: 4->4
[2023-04-03T15:52:54.010+0800][1.418s] GC(1) Metaspace: 16240K(16576K)->16240K(16576K) NonClass: 14430K(14656K)->14430K(14656K) Class: 1809K(1920K)->1809K(1920K)
[2023-04-03T15:52:54.010+0800][1.418s] GC(1) Pause Young (Normal) (G1 Evacuation Pause) 51M->17M(512M) 6.114ms
[2023-04-03T15:52:54.010+0800][1.418s] GC(1) User=0.17s Sys=0.00s Real=0.01s
[2023-04-03T15:52:54.811+0800][2.219s] GC(2) Pause Young (Normal) (G1 Evacuation Pause)
[2023-04-03T15:52:54.811+0800][2.219s] GC(2) Using 10 workers of 10 for evacuation
[2023-04-03T15:52:54.816+0800][2.224s] GC(2)   Pre Evacuate Collection Set: 0.1ms
[2023-04-03T15:52:54.816+0800][2.224s] GC(2)   Merge Heap Roots: 0.1ms
[2023-04-03T15:52:54.816+0800][2.224s] GC(2)   Evacuate Collection Set: 4.0ms
[2023-04-03T15:52:54.816+0800][2.224s] GC(2)   Post Evacuate Collection Set: 0.9ms
[2023-04-03T15:52:54.816+0800][2.224s] GC(2)   Other: 0.1ms
[2023-04-03T15:52:54.816+0800][2.224s] GC(2) Eden regions: 301->0(295)
[2023-04-03T15:52:54.816+0800][2.224s] GC(2) Survivor regions: 6->12(39)
[2023-04-03T15:52:54.816+0800][2.224s] GC(2) Old regions: 8->8
[2023-04-03T15:52:54.816+0800][2.224s] GC(2) Archive regions: 0->0
[2023-04-03T15:52:54.816+0800][2.224s] GC(2) Humongous regions: 4->4
[2023-04-03T15:52:54.816+0800][2.224s] GC(2) Metaspace: 19606K(19904K)->19606K(19904K) NonClass: 17447K(17600K)->17447K(17600K) Class: 2158K(2304K)->2158K(2304K)
[2023-04-03T15:52:54.816+0800][2.224s] GC(2) Pause Young (Normal) (G1 Evacuation Pause) 318M->22M(512M) 5.515ms
[2023-04-03T15:52:54.816+0800][2.224s] GC(2) User=0.00s Sys=0.00s Real=0.00s
[2023-04-03T15:52:54.993+0800][2.401s] GC(3) Pause Young (Concurrent Start) (Metadata GC Threshold)
[2023-04-03T15:52:54.993+0800][2.401s] GC(3) Using 10 workers of 10 for evacuation
[2023-04-03T15:52:54.997+0800][2.406s] GC(3)   Pre Evacuate Collection Set: 0.1ms
[2023-04-03T15:52:54.997+0800][2.406s] GC(3)   Merge Heap Roots: 0.1ms
[2023-04-03T15:52:54.997+0800][2.406s] GC(3)   Evacuate Collection Set: 3.6ms
[2023-04-03T15:52:54.997+0800][2.406s] GC(3)   Post Evacuate Collection Set: 0.6ms
[2023-04-03T15:52:54.997+0800][2.406s] GC(3)   Other: 0.1ms
[2023-04-03T15:52:54.997+0800][2.406s] GC(3) Eden regions: 65->0(294)
[2023-04-03T15:52:54.997+0800][2.406s] GC(3) Survivor regions: 12->13(39)
[2023-04-03T15:52:54.997+0800][2.406s] GC(3) Old regions: 8->8
[2023-04-03T15:52:54.997+0800][2.406s] GC(3) Archive regions: 0->0
[2023-04-03T15:52:54.997+0800][2.406s] GC(3) Humongous regions: 5->4
[2023-04-03T15:52:54.997+0800][2.406s] GC(3) Metaspace: 21098K(21504K)->21098K(21504K) NonClass: 18757K(18944K)->18757K(18944K) Class: 2340K(2560K)->2340K(2560K)
[2023-04-03T15:52:54.998+0800][2.406s] GC(3) Pause Young (Concurrent Start) (Metadata GC Threshold) 88M->24M(512M) 4.599ms
[2023-04-03T15:52:54.998+0800][2.406s] GC(4) Concurrent Mark Cycle
[2023-04-03T15:52:54.998+0800][2.406s] GC(3) User=0.00s Sys=0.00s Real=0.00s
[2023-04-03T15:52:54.998+0800][2.406s] GC(4) Concurrent Clear Claimed Marks
[2023-04-03T15:52:54.998+0800][2.406s] GC(4) Concurrent Clear Claimed Marks 0.036ms
[2023-04-03T15:52:54.998+0800][2.406s] GC(4) Concurrent Scan Root Regions
[2023-04-03T15:52:54.999+0800][2.408s] GC(4) Concurrent Scan Root Regions 1.816ms
[2023-04-03T15:52:54.999+0800][2.408s] GC(4) Concurrent Mark
[2023-04-03T15:52:54.999+0800][2.408s] GC(4) Concurrent Mark From Roots
[2023-04-03T15:52:54.999+0800][2.408s] GC(4) Using 3 workers of 3 for marking
[2023-04-03T15:52:55.005+0800][2.413s] GC(4) Concurrent Mark From Roots 5.118ms
[2023-04-03T15:52:55.005+0800][2.413s] GC(4) Concurrent Preclean
[2023-04-03T15:52:55.005+0800][2.413s] GC(4) Concurrent Preclean 0.023ms
[2023-04-03T15:52:55.005+0800][2.413s] GC(4) Pause Remark
[2023-04-03T15:52:55.006+0800][2.414s] GC(4) Pause Remark 28M->28M(512M) 1.265ms
[2023-04-03T15:52:55.006+0800][2.414s] GC(4) User=0.00s Sys=0.00s Real=0.00s
[2023-04-03T15:52:55.006+0800][2.414s] GC(4) Concurrent Mark 6.592ms
[2023-04-03T15:52:55.006+0800][2.414s] GC(4) Concurrent Rebuild Remembered Sets
[2023-04-03T15:52:55.009+0800][2.417s] GC(4) Concurrent Rebuild Remembered Sets 2.956ms
[2023-04-03T15:52:55.009+0800][2.417s] GC(4) Pause Cleanup
[2023-04-03T15:52:55.009+0800][2.418s] GC(4) Pause Cleanup 30M->30M(512M) 0.089ms
[2023-04-03T15:52:55.009+0800][2.418s] GC(4) User=0.00s Sys=0.00s Real=0.00s
[2023-04-03T15:52:55.009+0800][2.418s] GC(4) Concurrent Cleanup for Next Mark
[2023-04-03T15:52:55.010+0800][2.418s] GC(4) Concurrent Cleanup for Next Mark 0.357ms
[2023-04-03T15:52:55.010+0800][2.418s] GC(4) Concurrent Mark Cycle 12.179ms
[2023-04-03T15:52:56.142+0800][3.550s] GC(5) Pause Young (Normal) (G1 Evacuation Pause)
[2023-04-03T15:52:56.142+0800][3.551s] GC(5) Using 10 workers of 10 for evacuation
[2023-04-03T15:52:56.148+0800][3.556s] GC(5)   Pre Evacuate Collection Set: 0.1ms
[2023-04-03T15:52:56.148+0800][3.556s] GC(5)   Merge Heap Roots: 0.1ms
[2023-04-03T15:52:56.148+0800][3.556s] GC(5)   Evacuate Collection Set: 4.6ms
[2023-04-03T15:52:56.148+0800][3.556s] GC(5)   Post Evacuate Collection Set: 0.7ms
[2023-04-03T15:52:56.148+0800][3.556s] GC(5)   Other: 0.1ms
[2023-04-03T15:52:56.148+0800][3.556s] GC(5) Eden regions: 294->0(290)
[2023-04-03T15:52:56.148+0800][3.556s] GC(5) Survivor regions: 13->17(39)
[2023-04-03T15:52:56.148+0800][3.556s] GC(5) Old regions: 8->8
[2023-04-03T15:52:56.148+0800][3.556s] GC(5) Archive regions: 0->0
[2023-04-03T15:52:56.148+0800][3.556s] GC(5) Humongous regions: 4->4
[2023-04-03T15:52:56.148+0800][3.556s] GC(5) Metaspace: 31033K(31488K)->31033K(31488K) NonClass: 27548K(27776K)->27548K(27776K) Class: 3484K(3712K)->3484K(3712K)
[2023-04-03T15:52:56.148+0800][3.556s] GC(5) Pause Young (Normal) (G1 Evacuation Pause) 318M->27M(512M) 5.729ms
[2023-04-03T15:52:56.148+0800][3.556s] GC(5) User=0.16s Sys=0.00s Real=0.01s
[2023-04-03T15:52:56.843+0800][4.252s] GC(6) Pause Young (Concurrent Start) (Metadata GC Threshold)
[2023-04-03T15:52:56.843+0800][4.252s] GC(6) Using 10 workers of 10 for evacuation
[2023-04-03T15:52:56.850+0800][4.258s] GC(6)   Pre Evacuate Collection Set: 0.1ms
[2023-04-03T15:52:56.850+0800][4.259s] GC(6)   Merge Heap Roots: 0.1ms
[2023-04-03T15:52:56.850+0800][4.259s] GC(6)   Evacuate Collection Set: 5.7ms
[2023-04-03T15:52:56.850+0800][4.259s] GC(6)   Post Evacuate Collection Set: 0.9ms
[2023-04-03T15:52:56.850+0800][4.259s] GC(6)   Other: 0.1ms
[2023-04-03T15:52:56.850+0800][4.259s] GC(6) Eden regions: 219->0(283)
[2023-04-03T15:52:56.850+0800][4.259s] GC(6) Survivor regions: 17->24(39)
[2023-04-03T15:52:56.850+0800][4.259s] GC(6) Old regions: 8->8
[2023-04-03T15:52:56.850+0800][4.259s] GC(6) Archive regions: 0->0
[2023-04-03T15:52:56.850+0800][4.259s] GC(6) Humongous regions: 5->4
[2023-04-03T15:52:56.850+0800][4.259s] GC(6) Metaspace: 35607K(35968K)->35607K(35968K) NonClass: 31546K(31744K)->31546K(31744K) Class: 4061K(4224K)->4061K(4224K)
[2023-04-03T15:52:56.850+0800][4.259s] GC(6) Pause Young (Concurrent Start) (Metadata GC Threshold) 247M->35M(512M) 7.042ms
[2023-04-03T15:52:56.850+0800][4.259s] GC(6) User=0.14s Sys=0.00s Real=0.01s
[2023-04-03T15:52:56.850+0800][4.259s] GC(7) Concurrent Mark Cycle
[2023-04-03T15:52:56.850+0800][4.259s] GC(7) Concurrent Clear Claimed Marks
[2023-04-03T15:52:56.850+0800][4.259s] GC(7) Concurrent Clear Claimed Marks 0.037ms
[2023-04-03T15:52:56.850+0800][4.259s] GC(7) Concurrent Scan Root Regions
[2023-04-03T15:52:56.853+0800][4.262s] GC(7) Concurrent Scan Root Regions 2.917ms
[2023-04-03T15:52:56.853+0800][4.262s] GC(7) Concurrent Mark
[2023-04-03T15:52:56.853+0800][4.262s] GC(7) Concurrent Mark From Roots
[2023-04-03T15:52:56.853+0800][4.262s] GC(7) Using 3 workers of 3 for marking
[2023-04-03T15:52:56.859+0800][4.267s] GC(7) Concurrent Mark From Roots 5.246ms
[2023-04-03T15:52:56.859+0800][4.267s] GC(7) Concurrent Preclean
[2023-04-03T15:52:56.859+0800][4.267s] GC(7) Concurrent Preclean 0.021ms
[2023-04-03T15:52:56.859+0800][4.267s] GC(7) Pause Remark
[2023-04-03T15:52:56.861+0800][4.269s] GC(7) Pause Remark 38M->38M(512M) 1.780ms
[2023-04-03T15:52:56.861+0800][4.269s] GC(7) User=0.00s Sys=0.00s Real=0.00s
[2023-04-03T15:52:56.861+0800][4.269s] GC(7) Concurrent Mark 7.358ms
[2023-04-03T15:52:56.861+0800][4.269s] GC(7) Concurrent Rebuild Remembered Sets
[2023-04-03T15:52:56.865+0800][4.273s] GC(7) Concurrent Rebuild Remembered Sets 3.854ms
[2023-04-03T15:52:56.865+0800][4.273s] GC(7) Pause Cleanup
[2023-04-03T15:52:56.865+0800][4.273s] GC(7) Pause Cleanup 39M->39M(512M) 0.141ms
[2023-04-03T15:52:56.865+0800][4.273s] GC(7) User=0.00s Sys=0.00s Real=0.00s
[2023-04-03T15:52:56.866+0800][4.274s] GC(7) Concurrent Cleanup for Next Mark
[2023-04-03T15:52:56.866+0800][4.274s] GC(7) Concurrent Cleanup for Next Mark 0.450ms
[2023-04-03T15:52:56.866+0800][4.274s] GC(7) Concurrent Mark Cycle 15.739ms
[2023-04-03T15:52:57.440+0800][4.849s] GC(8) Pause Young (Normal) (G1 Evacuation Pause)
[2023-04-03T15:52:57.440+0800][4.849s] GC(8) Using 10 workers of 10 for evacuation
[2023-04-03T15:52:57.448+0800][4.857s] GC(8)   Pre Evacuate Collection Set: 0.1ms
[2023-04-03T15:52:57.448+0800][4.857s] GC(8)   Merge Heap Roots: 0.1ms
[2023-04-03T15:52:57.448+0800][4.857s] GC(8)   Evacuate Collection Set: 6.8ms
[2023-04-03T15:52:57.448+0800][4.857s] GC(8)   Post Evacuate Collection Set: 0.9ms
[2023-04-03T15:52:57.448+0800][4.857s] GC(8)   Other: 0.1ms
[2023-04-03T15:52:57.448+0800][4.857s] GC(8) Eden regions: 283->0(284)
[2023-04-03T15:52:57.448+0800][4.857s] GC(8) Survivor regions: 24->23(39)
[2023-04-03T15:52:57.448+0800][4.857s] GC(8) Old regions: 8->14
[2023-04-03T15:52:57.448+0800][4.857s] GC(8) Archive regions: 0->0
[2023-04-03T15:52:57.448+0800][4.857s] GC(8) Humongous regions: 4->4
[2023-04-03T15:52:57.448+0800][4.857s] GC(8) Metaspace: 42024K(42496K)->42024K(42496K) NonClass: 37179K(37440K)->37179K(37440K) Class: 4845K(5056K)->4845K(5056K)
[2023-04-03T15:52:57.448+0800][4.857s] GC(8) Pause Young (Normal) (G1 Evacuation Pause) 318M->39M(512M) 8.158ms
[2023-04-03T15:52:57.449+0800][4.857s] GC(8) User=0.16s Sys=0.02s Real=0.01s
[2023-04-03T15:52:58.009+0800][5.417s] GC(9) Pause Young (Normal) (G1 Evacuation Pause)
[2023-04-03T15:52:58.009+0800][5.417s] GC(9) Using 10 workers of 10 for evacuation
[2023-04-03T15:52:58.016+0800][5.425s] GC(9)   Pre Evacuate Collection Set: 0.1ms
[2023-04-03T15:52:58.016+0800][5.425s] GC(9)   Merge Heap Roots: 0.1ms
[2023-04-03T15:52:58.016+0800][5.425s] GC(9)   Evacuate Collection Set: 6.2ms
[2023-04-03T15:52:58.016+0800][5.425s] GC(9)   Post Evacuate Collection Set: 1.0ms
[2023-04-03T15:52:58.016+0800][5.425s] GC(9)   Other: 0.1ms
[2023-04-03T15:52:58.016+0800][5.425s] GC(9) Eden regions: 284->0(280)
[2023-04-03T15:52:58.016+0800][5.425s] GC(9) Survivor regions: 23->27(39)
[2023-04-03T15:52:58.017+0800][5.425s] GC(9) Old regions: 14->19
[2023-04-03T15:52:58.017+0800][5.425s] GC(9) Archive regions: 0->0
[2023-04-03T15:52:58.017+0800][5.425s] GC(9) Humongous regions: 4->4
[2023-04-03T15:52:58.017+0800][5.425s] GC(9) Metaspace: 47852K(48512K)->47852K(48512K) NonClass: 42219K(42560K)->42219K(42560K) Class: 5633K(5952K)->5633K(5952K)
[2023-04-03T15:52:58.017+0800][5.425s] GC(9) Pause Young (Normal) (G1 Evacuation Pause) 323M->49M(512M) 7.596ms
[2023-04-03T15:52:58.017+0800][5.425s] GC(9) User=0.00s Sys=0.00s Real=0.01s
[2023-04-03T15:53:03.406+0800][10.815s] GC(10) Pause Young (Normal) (G1 Evacuation Pause)
[2023-04-03T15:53:03.406+0800][10.815s] GC(10) Using 10 workers of 10 for evacuation
[2023-04-03T15:53:03.412+0800][10.821s] GC(10)   Pre Evacuate Collection Set: 0.1ms
[2023-04-03T15:53:03.412+0800][10.821s] GC(10)   Merge Heap Roots: 0.1ms
[2023-04-03T15:53:03.412+0800][10.821s] GC(10)   Evacuate Collection Set: 4.9ms
[2023-04-03T15:53:03.412+0800][10.821s] GC(10)   Post Evacuate Collection Set: 0.8ms
[2023-04-03T15:53:03.412+0800][10.821s] GC(10)   Other: 0.1ms
[2023-04-03T15:53:03.412+0800][10.821s] GC(10) Eden regions: 280->0(290)
[2023-04-03T15:53:03.412+0800][10.821s] GC(10) Survivor regions: 27->17(39)
[2023-04-03T15:53:03.412+0800][10.821s] GC(10) Old regions: 19->31
[2023-04-03T15:53:03.412+0800][10.821s] GC(10) Archive regions: 0->0
[2023-04-03T15:53:03.412+0800][10.821s] GC(10) Humongous regions: 4->4
[2023-04-03T15:53:03.412+0800][10.821s] GC(10) Metaspace: 49922K(50560K)->49922K(50560K) NonClass: 44048K(44416K)->44048K(44416K) Class: 5873K(6144K)->5873K(6144K)
[2023-04-03T15:53:03.412+0800][10.821s] GC(10) Pause Young (Normal) (G1 Evacuation Pause) 329M->51M(512M) 6.106ms
[2023-04-03T15:53:03.412+0800][10.821s] GC(10) User=0.16s Sys=0.00s Real=0.01s
[2023-04-03T15:54:23.005+0800][90.414s] GC(11) Pause Young (Normal) (G1 Evacuation Pause)
[2023-04-03T15:54:23.005+0800][90.414s] GC(11) Using 10 workers of 10 for evacuation
[2023-04-03T15:54:23.010+0800][90.418s] GC(11)   Pre Evacuate Collection Set: 0.1ms
[2023-04-03T15:54:23.010+0800][90.418s] GC(11)   Merge Heap Roots: 0.1ms
[2023-04-03T15:54:23.010+0800][90.418s] GC(11)   Evacuate Collection Set: 3.3ms
[2023-04-03T15:54:23.010+0800][90.418s] GC(11)   Post Evacuate Collection Set: 0.7ms
[2023-04-03T15:54:23.010+0800][90.418s] GC(11)   Other: 0.1ms
[2023-04-03T15:54:23.010+0800][90.418s] GC(11) Eden regions: 290->0(289)
[2023-04-03T15:54:23.010+0800][90.418s] GC(11) Survivor regions: 17->18(39)
[2023-04-03T15:54:23.010+0800][90.418s] GC(11) Old regions: 31->31
[2023-04-03T15:54:23.010+0800][90.418s] GC(11) Archive regions: 0->0
[2023-04-03T15:54:23.010+0800][90.418s] GC(11) Humongous regions: 4->4
[2023-04-03T15:54:23.010+0800][90.418s] GC(11) Metaspace: 50774K(51456K)->50774K(51456K) NonClass: 44857K(45248K)->44857K(45248K) Class: 5917K(6208K)->5917K(6208K)
[2023-04-03T15:54:23.010+0800][90.418s] GC(11) Pause Young (Normal) (G1 Evacuation Pause) 341M->51M(512M) 4.451ms
[2023-04-03T15:54:23.010+0800][90.418s] GC(11) User=0.00s Sys=0.00s Real=0.00s
[2023-04-03T17:01:03.642+0800][4091.050s] GC(12) Pause Young (Normal) (G1 Evacuation Pause)
[2023-04-03T17:01:03.642+0800][4091.050s] GC(12) Using 10 workers of 10 for evacuation
[2023-04-03T17:01:03.657+0800][4091.065s] GC(12)   Pre Evacuate Collection Set: 0.2ms
[2023-04-03T17:01:03.657+0800][4091.066s] GC(12)   Merge Heap Roots: 0.1ms
[2023-04-03T17:01:03.657+0800][4091.066s] GC(12)   Evacuate Collection Set: 14.0ms
[2023-04-03T17:01:03.657+0800][4091.066s] GC(12)   Post Evacuate Collection Set: 0.7ms
[2023-04-03T17:01:03.657+0800][4091.066s] GC(12)   Other: 0.1ms
[2023-04-03T17:01:03.657+0800][4091.066s] GC(12) Eden regions: 289->0(279)
[2023-04-03T17:01:03.657+0800][4091.066s] GC(12) Survivor regions: 18->28(39)
[2023-04-03T17:01:03.657+0800][4091.066s] GC(12) Old regions: 31->31
[2023-04-03T17:01:03.657+0800][4091.066s] GC(12) Archive regions: 0->0
[2023-04-03T17:01:03.657+0800][4091.066s] GC(12) Humongous regions: 4->4
[2023-04-03T17:01:03.657+0800][4091.066s] GC(12) Metaspace: 51858K(52480K)->51858K(52480K) NonClass: 45865K(46208K)->45865K(46208K) Class: 5992K(6272K)->5992K(6272K)
[2023-04-03T17:01:03.657+0800][4091.066s] GC(12) Pause Young (Normal) (G1 Evacuation Pause) 340M->61M(512M) 15.439ms
[2023-04-03T17:01:03.657+0800][4091.066s] GC(12) User=0.08s Sys=0.08s Real=0.02s
[2023-04-03T17:14:37.893+0800][4905.302s] GC(13) Pause Young (Normal) (G1 Evacuation Pause)
[2023-04-03T17:14:37.893+0800][4905.302s] GC(13) Using 10 workers of 10 for evacuation
[2023-04-03T17:14:37.901+0800][4905.309s] GC(13)   Pre Evacuate Collection Set: 0.2ms
[2023-04-03T17:14:37.901+0800][4905.309s] GC(13)   Merge Heap Roots: 0.1ms
[2023-04-03T17:14:37.901+0800][4905.309s] GC(13)   Evacuate Collection Set: 6.6ms
[2023-04-03T17:14:37.901+0800][4905.309s] GC(13)   Post Evacuate Collection Set: 0.7ms
[2023-04-03T17:14:37.901+0800][4905.309s] GC(13)   Other: 0.1ms
[2023-04-03T17:14:37.901+0800][4905.309s] GC(13) Eden regions: 279->0(294)
[2023-04-03T17:14:37.901+0800][4905.309s] GC(13) Survivor regions: 28->13(39)
[2023-04-03T17:14:37.901+0800][4905.309s] GC(13) Old regions: 31->45
[2023-04-03T17:14:37.901+0800][4905.309s] GC(13) Archive regions: 0->0
[2023-04-03T17:14:37.901+0800][4905.309s] GC(13) Humongous regions: 4->4
[2023-04-03T17:14:37.901+0800][4905.309s] GC(13) Metaspace: 52281K(52992K)->52281K(52992K) NonClass: 46264K(46656K)->46264K(46656K) Class: 6016K(6336K)->6016K(6336K)
[2023-04-03T17:14:37.901+0800][4905.309s] GC(13) Pause Young (Normal) (G1 Evacuation Pause) 340M->61M(512M) 7.764ms
[2023-04-03T17:14:37.901+0800][4905.309s] GC(13) User=0.14s Sys=0.03s Real=0.01s
