[2024-04-03T15:09:05.313+0800][0.009s] CardTable entry size: 512
[2024-04-03T15:09:05.314+0800][0.010s] Using G1
[2024-04-03T15:09:05.428+0800][0.124s] Version: 19.0.2+7-44 (release)
[2024-04-03T15:09:05.428+0800][0.124s] CPUs: 12 total, 12 available
[2024-04-03T15:09:05.428+0800][0.124s] Memory: 16291M
[2024-04-03T15:09:05.428+0800][0.124s] Large Page Support: Disabled
[2024-04-03T15:09:05.428+0800][0.124s] NUMA Support: Disabled
[2024-04-03T15:09:05.428+0800][0.124s] Compressed Oops: Enabled (32-bit)
[2024-04-03T15:09:05.428+0800][0.124s] Heap Region Size: 1M
[2024-04-03T15:09:05.428+0800][0.124s] Heap Min Capacity: 512M
[2024-04-03T15:09:05.429+0800][0.124s] Heap Initial Capacity: 512M
[2024-04-03T15:09:05.429+0800][0.124s] Heap Max Capacity: 512M
[2024-04-03T15:09:05.429+0800][0.124s] Pre-touch: Enabled
[2024-04-03T15:09:05.429+0800][0.124s] Parallel Workers: 10
[2024-04-03T15:09:05.429+0800][0.124s] Concurrent Workers: 3
[2024-04-03T15:09:05.429+0800][0.124s] Concurrent Refinement Workers: 10
[2024-04-03T15:09:05.429+0800][0.124s] Periodic GC: Disabled
[2024-04-03T15:09:05.429+0800][0.125s] CDS archive(s) mapped at: [0x0000000800000000-0x0000000800c40000-0x0000000800c40000), size 12845056, SharedBaseAddress: 0x0000000800000000, ArchiveRelocationMode: 0.
[2024-04-03T15:09:05.429+0800][0.125s] Compressed class space mapped at: 0x0000000801000000-0x0000000841000000, reserved size: 1073741824
[2024-04-03T15:09:05.429+0800][0.125s] Narrow klass base: 0x0000000800000000, Narrow klass shift: 0, Narrow klass range: 0x100000000
[2024-04-03T15:09:05.873+0800][0.568s] GC(0) Pause Young (Normal) (G1 Evacuation Pause)
[2024-04-03T15:09:05.873+0800][0.569s] GC(0) Using 10 workers of 10 for evacuation
[2024-04-03T15:09:05.875+0800][0.571s] GC(0)   Pre Evacuate Collection Set: 0.1ms
[2024-04-03T15:09:05.875+0800][0.571s] GC(0)   Merge Heap Roots: 0.0ms
[2024-04-03T15:09:05.875+0800][0.571s] GC(0)   Evacuate Collection Set: 1.6ms
[2024-04-03T15:09:05.875+0800][0.571s] GC(0)   Post Evacuate Collection Set: 0.2ms
[2024-04-03T15:09:05.875+0800][0.571s] GC(0)   Other: 0.2ms
[2024-04-03T15:09:05.875+0800][0.571s] GC(0) Eden regions: 29->0(42)
[2024-04-03T15:09:05.875+0800][0.571s] GC(0) Survivor regions: 0->4(4)
[2024-04-03T15:09:05.875+0800][0.571s] GC(0) Old regions: 0->0
[2024-04-03T15:09:05.875+0800][0.571s] GC(0) Archive regions: 0->0
[2024-04-03T15:09:05.875+0800][0.571s] GC(0) Humongous regions: 0->0
[2024-04-03T15:09:05.875+0800][0.571s] GC(0) Metaspace: 7406K(7616K)->7406K(7616K) NonClass: 6578K(6656K)->6578K(6656K) Class: 828K(960K)->828K(960K)
[2024-04-03T15:09:05.875+0800][0.571s] GC(0) Pause Young (Normal) (G1 Evacuation Pause) 29M->3M(512M) 2.306ms
[2024-04-03T15:09:05.875+0800][0.571s] GC(0) User=0.00s Sys=0.00s Real=0.00s
[2024-04-03T15:09:11.233+0800][5.929s] GC(1) Pause Young (Normal) (G1 Evacuation Pause)
[2024-04-03T15:09:11.233+0800][5.929s] GC(1) Using 10 workers of 10 for evacuation
[2024-04-03T15:09:11.238+0800][5.934s] GC(1)   Pre Evacuate Collection Set: 0.0ms
[2024-04-03T15:09:11.238+0800][5.934s] GC(1)   Merge Heap Roots: 0.0ms
[2024-04-03T15:09:11.238+0800][5.934s] GC(1)   Evacuate Collection Set: 4.1ms
[2024-04-03T15:09:11.238+0800][5.934s] GC(1)   Post Evacuate Collection Set: 0.3ms
[2024-04-03T15:09:11.238+0800][5.934s] GC(1)   Other: 0.0ms
[2024-04-03T15:09:11.238+0800][5.934s] GC(1) Eden regions: 42->0(272)
[2024-04-03T15:09:11.238+0800][5.934s] GC(1) Survivor regions: 4->6(6)
[2024-04-03T15:09:11.238+0800][5.934s] GC(1) Old regions: 0->8
[2024-04-03T15:09:11.238+0800][5.934s] GC(1) Archive regions: 0->0
[2024-04-03T15:09:11.238+0800][5.934s] GC(1) Humongous regions: 4->4
[2024-04-03T15:09:11.238+0800][5.934s] GC(1) Metaspace: 16324K(16640K)->16324K(16640K) NonClass: 14494K(14656K)->14494K(14656K) Class: 1830K(1984K)->1830K(1984K)
[2024-04-03T15:09:11.238+0800][5.934s] GC(1) Pause Young (Normal) (G1 Evacuation Pause) 49M->17M(512M) 4.619ms
[2024-04-03T15:09:11.238+0800][5.934s] GC(1) User=0.00s Sys=0.00s Real=0.00s
[2024-04-03T15:09:11.883+0800][6.579s] GC(2) Pause Young (Concurrent Start) (Metadata GC Threshold)
[2024-04-03T15:09:11.883+0800][6.579s] GC(2) Using 10 workers of 10 for evacuation
[2024-04-03T15:09:11.886+0800][6.582s] GC(2)   Pre Evacuate Collection Set: 0.7ms
[2024-04-03T15:09:11.886+0800][6.582s] GC(2)   Merge Heap Roots: 0.0ms
[2024-04-03T15:09:11.886+0800][6.582s] GC(2)   Evacuate Collection Set: 2.0ms
[2024-04-03T15:09:11.886+0800][6.582s] GC(2)   Post Evacuate Collection Set: 0.4ms
[2024-04-03T15:09:11.886+0800][6.582s] GC(2)   Other: -0.3ms
[2024-04-03T15:09:11.886+0800][6.582s] GC(2) Eden regions: 217->0(294)
[2024-04-03T15:09:11.886+0800][6.582s] GC(2) Survivor regions: 6->13(35)
[2024-04-03T15:09:11.886+0800][6.582s] GC(2) Old regions: 8->8
[2024-04-03T15:09:11.886+0800][6.582s] GC(2) Archive regions: 0->0
[2024-04-03T15:09:11.886+0800][6.582s] GC(2) Humongous regions: 5->4
[2024-04-03T15:09:11.886+0800][6.582s] GC(2) Metaspace: 21173K(21504K)->21173K(21504K) NonClass: 18789K(18944K)->18789K(18944K) Class: 2383K(2560K)->2383K(2560K)
[2024-04-03T15:09:11.886+0800][6.582s] GC(2) Pause Young (Concurrent Start) (Metadata GC Threshold) 235M->24M(512M) 3.031ms
[2024-04-03T15:09:11.886+0800][6.582s] GC(2) User=0.00s Sys=0.00s Real=0.00s
[2024-04-03T15:09:11.886+0800][6.582s] GC(3) Concurrent Mark Cycle
[2024-04-03T15:09:11.886+0800][6.582s] GC(3) Concurrent Clear Claimed Marks
[2024-04-03T15:09:11.886+0800][6.582s] GC(3) Concurrent Clear Claimed Marks 0.016ms
[2024-04-03T15:09:11.886+0800][6.582s] GC(3) Concurrent Scan Root Regions
[2024-04-03T15:09:11.888+0800][6.583s] GC(3) Concurrent Scan Root Regions 1.445ms
[2024-04-03T15:09:11.888+0800][6.583s] GC(3) Concurrent Mark
[2024-04-03T15:09:11.888+0800][6.583s] GC(3) Concurrent Mark From Roots
[2024-04-03T15:09:11.888+0800][6.584s] GC(3) Using 3 workers of 3 for marking
[2024-04-03T15:09:11.891+0800][6.587s] GC(3) Concurrent Mark From Roots 3.747ms
[2024-04-03T15:09:11.891+0800][6.587s] GC(3) Concurrent Preclean
[2024-04-03T15:09:11.891+0800][6.587s] GC(3) Concurrent Preclean 0.020ms
[2024-04-03T15:09:11.891+0800][6.587s] GC(3) Pause Remark
[2024-04-03T15:09:11.892+0800][6.589s] GC(3) Pause Remark 26M->26M(512M) 1.481ms
[2024-04-03T15:09:11.893+0800][6.589s] GC(3) User=0.00s Sys=0.00s Real=0.00s
[2024-04-03T15:09:11.893+0800][6.589s] GC(3) Concurrent Mark 5.380ms
[2024-04-03T15:09:11.893+0800][6.589s] GC(3) Concurrent Rebuild Remembered Sets
[2024-04-03T15:09:11.894+0800][6.591s] GC(3) Concurrent Rebuild Remembered Sets 1.689ms
[2024-04-03T15:09:11.894+0800][6.591s] GC(3) Pause Cleanup
[2024-04-03T15:09:11.894+0800][6.591s] GC(3) Pause Cleanup 26M->26M(512M) 0.039ms
[2024-04-03T15:09:11.894+0800][6.591s] GC(3) User=0.00s Sys=0.00s Real=0.00s
[2024-04-03T15:09:11.894+0800][6.591s] GC(3) Concurrent Cleanup for Next Mark
[2024-04-03T15:09:11.895+0800][6.591s] GC(3) Concurrent Cleanup for Next Mark 0.393ms
[2024-04-03T15:09:11.895+0800][6.591s] GC(3) Concurrent Mark Cycle 9.139ms
[2024-04-03T15:09:32.656+0800][27.351s] GC(4) Pause Young (Prepare Mixed) (G1 Evacuation Pause)
[2024-04-03T15:09:32.656+0800][27.351s] GC(4) Using 10 workers of 10 for evacuation
[2024-04-03T15:09:32.661+0800][27.356s] GC(4)   Pre Evacuate Collection Set: 0.0ms
[2024-04-03T15:09:32.661+0800][27.356s] GC(4)   Merge Heap Roots: 0.0ms
[2024-04-03T15:09:32.661+0800][27.356s] GC(4)   Evacuate Collection Set: 4.2ms
[2024-04-03T15:09:32.661+0800][27.356s] GC(4)   Post Evacuate Collection Set: 0.4ms
[2024-04-03T15:09:32.661+0800][27.356s] GC(4)   Other: 0.1ms
[2024-04-03T15:09:32.661+0800][27.356s] GC(4) Eden regions: 294->0(5)
[2024-04-03T15:09:32.661+0800][27.356s] GC(4) Survivor regions: 13->20(39)
[2024-04-03T15:09:32.661+0800][27.356s] GC(4) Old regions: 8->8
[2024-04-03T15:09:32.661+0800][27.356s] GC(4) Archive regions: 0->0
[2024-04-03T15:09:32.661+0800][27.356s] GC(4) Humongous regions: 5->4
[2024-04-03T15:09:32.661+0800][27.356s] GC(4) Metaspace: 34815K(35328K)->34815K(35328K) NonClass: 30840K(31104K)->30840K(31104K) Class: 3975K(4224K)->3975K(4224K)
[2024-04-03T15:09:32.661+0800][27.356s] GC(4) Pause Young (Prepare Mixed) (G1 Evacuation Pause) 319M->31M(512M) 4.946ms
[2024-04-03T15:09:32.661+0800][27.356s] GC(4) User=0.00s Sys=0.00s Real=0.01s
[2024-04-03T15:09:32.667+0800][27.362s] GC(5) Pause Young (Mixed) (G1 Evacuation Pause)
[2024-04-03T15:09:32.667+0800][27.362s] GC(5) Using 10 workers of 10 for evacuation
[2024-04-03T15:09:32.672+0800][27.367s] GC(5)   Pre Evacuate Collection Set: 0.0ms
[2024-04-03T15:09:32.672+0800][27.367s] GC(5)   Merge Heap Roots: 0.0ms
[2024-04-03T15:09:32.672+0800][27.367s] GC(5)   Evacuate Collection Set: 4.3ms
[2024-04-03T15:09:32.672+0800][27.367s] GC(5)   Post Evacuate Collection Set: 0.3ms
[2024-04-03T15:09:32.672+0800][27.367s] GC(5)   Other: 0.0ms
[2024-04-03T15:09:32.672+0800][27.367s] GC(5) Eden regions: 5->0(304)
[2024-04-03T15:09:32.672+0800][27.367s] GC(5) Survivor regions: 20->3(4)
[2024-04-03T15:09:32.672+0800][27.367s] GC(5) Old regions: 8->27
[2024-04-03T15:09:32.672+0800][27.367s] GC(5) Archive regions: 0->0
[2024-04-03T15:09:32.672+0800][27.367s] GC(5) Humongous regions: 4->4
[2024-04-03T15:09:32.672+0800][27.367s] GC(5) Metaspace: 34878K(35392K)->34878K(35392K) NonClass: 30895K(31168K)->30895K(31168K) Class: 3983K(4224K)->3983K(4224K)
[2024-04-03T15:09:32.672+0800][27.367s] GC(5) Pause Young (Mixed) (G1 Evacuation Pause) 36M->32M(512M) 4.865ms
[2024-04-03T15:09:32.672+0800][27.367s] GC(5) User=0.00s Sys=0.00s Real=0.00s
[2024-04-03T15:09:32.736+0800][27.432s] GC(6) Pause Young (Concurrent Start) (Metadata GC Threshold)
[2024-04-03T15:09:32.736+0800][27.432s] GC(6) Using 10 workers of 10 for evacuation
[2024-04-03T15:09:32.737+0800][27.433s] GC(6)   Pre Evacuate Collection Set: 0.1ms
[2024-04-03T15:09:32.737+0800][27.433s] GC(6)   Merge Heap Roots: 0.0ms
[2024-04-03T15:09:32.737+0800][27.433s] GC(6)   Evacuate Collection Set: 0.6ms
[2024-04-03T15:09:32.737+0800][27.433s] GC(6)   Post Evacuate Collection Set: 0.2ms
[2024-04-03T15:09:32.737+0800][27.433s] GC(6)   Other: 0.0ms
[2024-04-03T15:09:32.737+0800][27.433s] GC(6) Eden regions: 49->0(303)
[2024-04-03T15:09:32.737+0800][27.433s] GC(6) Survivor regions: 3->4(39)
[2024-04-03T15:09:32.737+0800][27.433s] GC(6) Old regions: 27->27
[2024-04-03T15:09:32.737+0800][27.433s] GC(6) Archive regions: 0->0
[2024-04-03T15:09:32.737+0800][27.433s] GC(6) Humongous regions: 4->4
[2024-04-03T15:09:32.737+0800][27.433s] GC(6) Metaspace: 35606K(36096K)->35606K(36096K) NonClass: 31524K(31744K)->31524K(31744K) Class: 4081K(4352K)->4081K(4352K)
[2024-04-03T15:09:32.737+0800][27.433s] GC(6) Pause Young (Concurrent Start) (Metadata GC Threshold) 81M->33M(512M) 1.058ms
[2024-04-03T15:09:32.737+0800][27.433s] GC(6) User=0.00s Sys=0.00s Real=0.00s
[2024-04-03T15:09:32.737+0800][27.433s] GC(7) Concurrent Mark Cycle
[2024-04-03T15:09:32.737+0800][27.433s] GC(7) Concurrent Clear Claimed Marks
[2024-04-03T15:09:32.737+0800][27.433s] GC(7) Concurrent Clear Claimed Marks 0.021ms
[2024-04-03T15:09:32.737+0800][27.433s] GC(7) Concurrent Scan Root Regions
[2024-04-03T15:09:32.738+0800][27.434s] GC(7) Concurrent Scan Root Regions 0.478ms
[2024-04-03T15:09:32.738+0800][27.434s] GC(7) Concurrent Mark
[2024-04-03T15:09:32.738+0800][27.434s] GC(7) Concurrent Mark From Roots
[2024-04-03T15:09:32.738+0800][27.434s] GC(7) Using 3 workers of 3 for marking
[2024-04-03T15:09:32.746+0800][27.442s] GC(7) Concurrent Mark From Roots 7.927ms
[2024-04-03T15:09:32.746+0800][27.442s] GC(7) Concurrent Preclean
[2024-04-03T15:09:32.746+0800][27.442s] GC(7) Concurrent Preclean 0.045ms
[2024-04-03T15:09:32.746+0800][27.442s] GC(7) Pause Remark
[2024-04-03T15:09:32.747+0800][27.443s] GC(7) Pause Remark 41M->41M(512M) 1.036ms
[2024-04-03T15:09:32.747+0800][27.443s] GC(7) User=0.00s Sys=0.00s Real=0.00s
[2024-04-03T15:09:32.747+0800][27.443s] GC(7) Concurrent Mark 9.152ms
[2024-04-03T15:09:32.747+0800][27.443s] GC(7) Concurrent Rebuild Remembered Sets
[2024-04-03T15:09:32.750+0800][27.446s] GC(7) Concurrent Rebuild Remembered Sets 3.397ms
[2024-04-03T15:09:32.750+0800][27.447s] GC(7) Pause Cleanup
[2024-04-03T15:09:32.751+0800][27.447s] GC(7) Pause Cleanup 44M->44M(512M) 0.053ms
[2024-04-03T15:09:32.751+0800][27.447s] GC(7) User=0.00s Sys=0.00s Real=0.00s
[2024-04-03T15:09:32.751+0800][27.447s] GC(7) Concurrent Cleanup for Next Mark
[2024-04-03T15:09:32.751+0800][27.447s] GC(7) Concurrent Cleanup for Next Mark 0.402ms
[2024-04-03T15:09:32.751+0800][27.447s] GC(7) Concurrent Mark Cycle 13.697ms
[2024-04-03T15:09:53.081+0800][47.777s] GC(8) Pause Young (Normal) (G1 Evacuation Pause)
[2024-04-03T15:09:53.081+0800][47.777s] GC(8) Using 10 workers of 10 for evacuation
[2024-04-03T15:09:53.086+0800][47.782s] GC(8)   Pre Evacuate Collection Set: 0.0ms
[2024-04-03T15:09:53.086+0800][47.782s] GC(8)   Merge Heap Roots: 0.0ms
[2024-04-03T15:09:53.086+0800][47.782s] GC(8)   Evacuate Collection Set: 4.0ms
[2024-04-03T15:09:53.086+0800][47.782s] GC(8)   Post Evacuate Collection Set: 0.3ms
[2024-04-03T15:09:53.086+0800][47.782s] GC(8)   Other: 0.1ms
[2024-04-03T15:09:53.086+0800][47.782s] GC(8) Eden regions: 303->0(289)
[2024-04-03T15:09:53.086+0800][47.782s] GC(8) Survivor regions: 4->18(39)
[2024-04-03T15:09:53.086+0800][47.782s] GC(8) Old regions: 27->27
[2024-04-03T15:09:53.086+0800][47.782s] GC(8) Archive regions: 0->0
[2024-04-03T15:09:53.086+0800][47.782s] GC(8) Humongous regions: 4->4
[2024-04-03T15:09:53.086+0800][47.782s] GC(8) Metaspace: 46556K(47104K)->46556K(47104K) NonClass: 41095K(41408K)->41095K(41408K) Class: 5460K(5696K)->5460K(5696K)
[2024-04-03T15:09:53.086+0800][47.782s] GC(8) Pause Young (Normal) (G1 Evacuation Pause) 336M->48M(512M) 4.621ms
[2024-04-03T15:09:53.086+0800][47.782s] GC(8) User=0.02s Sys=0.00s Real=0.00s
