[2023-03-14T16:16:43.066+0800][0.009s] CardTable entry size: 512
[2023-03-14T16:16:43.066+0800][0.009s] Using G1
[2023-03-14T16:16:43.169+0800][0.112s] Version: 19.0.2+7-44 (release)
[2023-03-14T16:16:43.169+0800][0.112s] CPUs: 12 total, 12 available
[2023-03-14T16:16:43.169+0800][0.112s] Memory: 16318M
[2023-03-14T16:16:43.169+0800][0.112s] Large Page Support: Disabled
[2023-03-14T16:16:43.169+0800][0.112s] NUMA Support: Disabled
[2023-03-14T16:16:43.169+0800][0.112s] Compressed Oops: Enabled (32-bit)
[2023-03-14T16:16:43.169+0800][0.112s] Heap Region Size: 1M
[2023-03-14T16:16:43.169+0800][0.112s] Heap Min Capacity: 512M
[2023-03-14T16:16:43.169+0800][0.112s] Heap Initial Capacity: 512M
[2023-03-14T16:16:43.169+0800][0.112s] Heap Max Capacity: 512M
[2023-03-14T16:16:43.169+0800][0.112s] Pre-touch: Enabled
[2023-03-14T16:16:43.169+0800][0.112s] Parallel Workers: 10
[2023-03-14T16:16:43.169+0800][0.112s] Concurrent Workers: 3
[2023-03-14T16:16:43.169+0800][0.112s] Concurrent Refinement Workers: 10
[2023-03-14T16:16:43.169+0800][0.112s] Periodic GC: Disabled
[2023-03-14T16:16:43.170+0800][0.113s] CDS archive(s) mapped at: [0x0000000800000000-0x0000000800c40000-0x0000000800c40000), size 12845056, SharedBaseAddress: 0x0000000800000000, ArchiveRelocationMode: 0.
[2023-03-14T16:16:43.170+0800][0.113s] Compressed class space mapped at: 0x0000000801000000-0x0000000841000000, reserved size: 1073741824
[2023-03-14T16:16:43.170+0800][0.113s] Narrow klass base: 0x0000000800000000, Narrow klass shift: 0, Narrow klass range: 0x100000000
[2023-03-14T16:16:43.655+0800][0.598s] GC(0) Pause Young (Normal) (G1 Evacuation Pause)
[2023-03-14T16:16:43.656+0800][0.599s] GC(0) Using 10 workers of 10 for evacuation
[2023-03-14T16:16:43.658+0800][0.601s] GC(0)   Pre Evacuate Collection Set: 0.1ms
[2023-03-14T16:16:43.658+0800][0.601s] GC(0)   Merge Heap Roots: 0.0ms
[2023-03-14T16:16:43.658+0800][0.601s] GC(0)   Evacuate Collection Set: 1.9ms
[2023-03-14T16:16:43.658+0800][0.601s] GC(0)   Post Evacuate Collection Set: 0.3ms
[2023-03-14T16:16:43.658+0800][0.601s] GC(0)   Other: 0.6ms
[2023-03-14T16:16:43.658+0800][0.601s] GC(0) Eden regions: 29->0(44)
[2023-03-14T16:16:43.658+0800][0.601s] GC(0) Survivor regions: 0->4(4)
[2023-03-14T16:16:43.658+0800][0.601s] GC(0) Old regions: 0->0
[2023-03-14T16:16:43.658+0800][0.601s] GC(0) Archive regions: 0->0
[2023-03-14T16:16:43.658+0800][0.601s] GC(0) Humongous regions: 0->0
[2023-03-14T16:16:43.658+0800][0.601s] GC(0) Metaspace: 5822K(6016K)->5822K(6016K) NonClass: 5207K(5312K)->5207K(5312K) Class: 615K(704K)->615K(704K)
[2023-03-14T16:16:43.658+0800][0.601s] GC(0) Pause Young (Normal) (G1 Evacuation Pause) 29M->3M(512M) 3.212ms
[2023-03-14T16:16:43.658+0800][0.601s] GC(0) User=0.00s Sys=0.00s Real=0.00s
[2023-03-14T16:16:44.233+0800][1.176s] GC(1) Pause Young (Normal) (G1 Evacuation Pause)
[2023-03-14T16:16:44.233+0800][1.176s] GC(1) Using 10 workers of 10 for evacuation
[2023-03-14T16:16:44.239+0800][1.183s] GC(1)   Pre Evacuate Collection Set: 0.1ms
[2023-03-14T16:16:44.240+0800][1.183s] GC(1)   Merge Heap Roots: 0.0ms
[2023-03-14T16:16:44.240+0800][1.183s] GC(1)   Evacuate Collection Set: 6.0ms
[2023-03-14T16:16:44.240+0800][1.183s] GC(1)   Post Evacuate Collection Set: 0.5ms
[2023-03-14T16:16:44.240+0800][1.183s] GC(1)   Other: 0.1ms
[2023-03-14T16:16:44.240+0800][1.183s] GC(1) Eden regions: 44->0(301)
[2023-03-14T16:16:44.240+0800][1.183s] GC(1) Survivor regions: 4->6(6)
[2023-03-14T16:16:44.240+0800][1.183s] GC(1) Old regions: 0->8
[2023-03-14T16:16:44.240+0800][1.183s] GC(1) Archive regions: 0->0
[2023-03-14T16:16:44.240+0800][1.183s] GC(1) Humongous regions: 4->4
[2023-03-14T16:16:44.240+0800][1.183s] GC(1) Metaspace: 16279K(16576K)->16279K(16576K) NonClass: 14461K(14656K)->14461K(14656K) Class: 1817K(1920K)->1817K(1920K)
[2023-03-14T16:16:44.240+0800][1.183s] GC(1) Pause Young (Normal) (G1 Evacuation Pause) 51M->17M(512M) 6.927ms
[2023-03-14T16:16:44.240+0800][1.183s] GC(1) User=0.00s Sys=0.00s Real=0.01s
[2023-03-14T16:16:44.901+0800][1.844s] GC(2) Pause Young (Normal) (G1 Evacuation Pause)
[2023-03-14T16:16:44.901+0800][1.844s] GC(2) Using 10 workers of 10 for evacuation
[2023-03-14T16:16:44.905+0800][1.848s] GC(2)   Pre Evacuate Collection Set: 0.1ms
[2023-03-14T16:16:44.905+0800][1.848s] GC(2)   Merge Heap Roots: 0.1ms
[2023-03-14T16:16:44.905+0800][1.848s] GC(2)   Evacuate Collection Set: 3.0ms
[2023-03-14T16:16:44.905+0800][1.848s] GC(2)   Post Evacuate Collection Set: 0.7ms
[2023-03-14T16:16:44.905+0800][1.848s] GC(2)   Other: 0.1ms
[2023-03-14T16:16:44.905+0800][1.848s] GC(2) Eden regions: 301->0(295)
[2023-03-14T16:16:44.905+0800][1.848s] GC(2) Survivor regions: 6->12(39)
[2023-03-14T16:16:44.905+0800][1.848s] GC(2) Old regions: 8->8
[2023-03-14T16:16:44.905+0800][1.848s] GC(2) Archive regions: 0->0
[2023-03-14T16:16:44.905+0800][1.848s] GC(2) Humongous regions: 4->4
[2023-03-14T16:16:44.905+0800][1.848s] GC(2) Metaspace: 19607K(19968K)->19607K(19968K) NonClass: 17443K(17664K)->17443K(17664K) Class: 2164K(2304K)->2164K(2304K)
[2023-03-14T16:16:44.905+0800][1.848s] GC(2) Pause Young (Normal) (G1 Evacuation Pause) 318M->22M(512M) 4.170ms
[2023-03-14T16:16:44.905+0800][1.848s] GC(2) User=0.03s Sys=0.00s Real=0.00s
[2023-03-14T16:16:45.029+0800][1.972s] GC(3) Pause Young (Concurrent Start) (Metadata GC Threshold)
[2023-03-14T16:16:45.029+0800][1.972s] GC(3) Using 10 workers of 10 for evacuation
[2023-03-14T16:16:45.033+0800][1.976s] GC(3)   Pre Evacuate Collection Set: 0.1ms
[2023-03-14T16:16:45.033+0800][1.976s] GC(3)   Merge Heap Roots: 0.0ms
[2023-03-14T16:16:45.033+0800][1.976s] GC(3)   Evacuate Collection Set: 3.0ms
[2023-03-14T16:16:45.033+0800][1.976s] GC(3)   Post Evacuate Collection Set: 0.5ms
[2023-03-14T16:16:45.033+0800][1.976s] GC(3)   Other: 0.0ms
[2023-03-14T16:16:45.033+0800][1.976s] GC(3) Eden regions: 70->0(294)
[2023-03-14T16:16:45.033+0800][1.976s] GC(3) Survivor regions: 12->13(39)
[2023-03-14T16:16:45.033+0800][1.976s] GC(3) Old regions: 8->8
[2023-03-14T16:16:45.033+0800][1.976s] GC(3) Archive regions: 0->0
[2023-03-14T16:16:45.033+0800][1.976s] GC(3) Humongous regions: 5->4
[2023-03-14T16:16:45.033+0800][1.976s] GC(3) Metaspace: 21155K(21504K)->21155K(21504K) NonClass: 18790K(18944K)->18790K(18944K) Class: 2365K(2560K)->2365K(2560K)
[2023-03-14T16:16:45.033+0800][1.976s] GC(3) Pause Young (Concurrent Start) (Metadata GC Threshold) 93M->24M(512M) 3.840ms
[2023-03-14T16:16:45.033+0800][1.976s] GC(4) Concurrent Mark Cycle
[2023-03-14T16:16:45.033+0800][1.976s] GC(3) User=0.00s Sys=0.00s Real=0.00s
[2023-03-14T16:16:45.033+0800][1.976s] GC(4) Concurrent Clear Claimed Marks
[2023-03-14T16:16:45.033+0800][1.976s] GC(4) Concurrent Clear Claimed Marks 0.028ms
[2023-03-14T16:16:45.033+0800][1.976s] GC(4) Concurrent Scan Root Regions
[2023-03-14T16:16:45.034+0800][1.978s] GC(4) Concurrent Scan Root Regions 1.379ms
[2023-03-14T16:16:45.034+0800][1.978s] GC(4) Concurrent Mark
[2023-03-14T16:16:45.034+0800][1.978s] GC(4) Concurrent Mark From Roots
[2023-03-14T16:16:45.034+0800][1.978s] GC(4) Using 3 workers of 3 for marking
[2023-03-14T16:16:45.038+0800][1.982s] GC(4) Concurrent Mark From Roots 3.919ms
[2023-03-14T16:16:45.038+0800][1.982s] GC(4) Concurrent Preclean
[2023-03-14T16:16:45.038+0800][1.982s] GC(4) Concurrent Preclean 0.017ms
[2023-03-14T16:16:45.038+0800][1.982s] GC(4) Pause Remark
[2023-03-14T16:16:45.040+0800][1.983s] GC(4) Pause Remark 27M->27M(512M) 1.291ms
[2023-03-14T16:16:45.040+0800][1.983s] GC(4) User=0.00s Sys=0.00s Real=0.00s
[2023-03-14T16:16:45.040+0800][1.983s] GC(4) Concurrent Mark 5.407ms
[2023-03-14T16:16:45.040+0800][1.983s] GC(4) Concurrent Rebuild Remembered Sets
[2023-03-14T16:16:45.042+0800][1.986s] GC(4) Concurrent Rebuild Remembered Sets 2.611ms
[2023-03-14T16:16:45.043+0800][1.986s] GC(4) Pause Cleanup
[2023-03-14T16:16:45.043+0800][1.986s] GC(4) Pause Cleanup 29M->29M(512M) 0.074ms
[2023-03-14T16:16:45.043+0800][1.986s] GC(4) User=0.00s Sys=0.00s Real=0.00s
[2023-03-14T16:16:45.043+0800][1.986s] GC(4) Concurrent Cleanup for Next Mark
[2023-03-14T16:16:45.043+0800][1.986s] GC(4) Concurrent Cleanup for Next Mark 0.291ms
[2023-03-14T16:16:45.043+0800][1.986s] GC(4) Concurrent Mark Cycle 10.124ms
[2023-03-14T16:16:45.868+0800][2.812s] GC(5) Pause Young (Normal) (G1 Evacuation Pause)
[2023-03-14T16:16:45.868+0800][2.812s] GC(5) Using 10 workers of 10 for evacuation
[2023-03-14T16:16:45.873+0800][2.816s] GC(5)   Pre Evacuate Collection Set: 0.1ms
[2023-03-14T16:16:45.873+0800][2.816s] GC(5)   Merge Heap Roots: 0.1ms
[2023-03-14T16:16:45.873+0800][2.816s] GC(5)   Evacuate Collection Set: 3.8ms
[2023-03-14T16:16:45.873+0800][2.816s] GC(5)   Post Evacuate Collection Set: 0.8ms
[2023-03-14T16:16:45.873+0800][2.816s] GC(5)   Other: 0.1ms
[2023-03-14T16:16:45.873+0800][2.817s] GC(5) Eden regions: 294->0(291)
[2023-03-14T16:16:45.873+0800][2.817s] GC(5) Survivor regions: 13->16(39)
[2023-03-14T16:16:45.873+0800][2.817s] GC(5) Old regions: 8->8
[2023-03-14T16:16:45.873+0800][2.817s] GC(5) Archive regions: 0->0
[2023-03-14T16:16:45.873+0800][2.817s] GC(5) Humongous regions: 4->4
[2023-03-14T16:16:45.873+0800][2.817s] GC(5) Metaspace: 31358K(31808K)->31358K(31808K) NonClass: 27822K(28032K)->27822K(28032K) Class: 3536K(3776K)->3536K(3776K)
[2023-03-14T16:16:45.873+0800][2.817s] GC(5) Pause Young (Normal) (G1 Evacuation Pause) 318M->27M(512M) 5.049ms
[2023-03-14T16:16:45.873+0800][2.817s] GC(5) User=0.02s Sys=0.00s Real=0.00s
[2023-03-14T16:16:46.459+0800][3.402s] GC(6) Pause Young (Concurrent Start) (Metadata GC Threshold)
[2023-03-14T16:16:46.459+0800][3.402s] GC(6) Using 10 workers of 10 for evacuation
[2023-03-14T16:16:46.465+0800][3.408s] GC(6)   Pre Evacuate Collection Set: 0.1ms
[2023-03-14T16:16:46.465+0800][3.408s] GC(6)   Merge Heap Roots: 0.1ms
[2023-03-14T16:16:46.465+0800][3.408s] GC(6)   Evacuate Collection Set: 5.1ms
[2023-03-14T16:16:46.465+0800][3.408s] GC(6)   Post Evacuate Collection Set: 0.8ms
[2023-03-14T16:16:46.465+0800][3.408s] GC(6)   Other: 0.1ms
[2023-03-14T16:16:46.465+0800][3.408s] GC(6) Eden regions: 241->0(284)
[2023-03-14T16:16:46.465+0800][3.408s] GC(6) Survivor regions: 16->23(39)
[2023-03-14T16:16:46.465+0800][3.408s] GC(6) Old regions: 8->8
[2023-03-14T16:16:46.465+0800][3.408s] GC(6) Archive regions: 0->0
[2023-03-14T16:16:46.465+0800][3.408s] GC(6) Humongous regions: 5->4
[2023-03-14T16:16:46.465+0800][3.408s] GC(6) Metaspace: 35584K(36096K)->35584K(36096K) NonClass: 31515K(31808K)->31515K(31808K) Class: 4068K(4288K)->4068K(4288K)
[2023-03-14T16:16:46.465+0800][3.408s] GC(6) Pause Young (Concurrent Start) (Metadata GC Threshold) 269M->34M(512M) 6.263ms
[2023-03-14T16:16:46.465+0800][3.408s] GC(7) Concurrent Mark Cycle
[2023-03-14T16:16:46.465+0800][3.408s] GC(6) User=0.00s Sys=0.00s Real=0.01s
[2023-03-14T16:16:46.465+0800][3.408s] GC(7) Concurrent Clear Claimed Marks
[2023-03-14T16:16:46.465+0800][3.408s] GC(7) Concurrent Clear Claimed Marks 0.049ms
[2023-03-14T16:16:46.465+0800][3.408s] GC(7) Concurrent Scan Root Regions
[2023-03-14T16:16:46.467+0800][3.410s] GC(7) Concurrent Scan Root Regions 2.388ms
[2023-03-14T16:16:46.467+0800][3.411s] GC(7) Concurrent Mark
[2023-03-14T16:16:46.467+0800][3.411s] GC(7) Concurrent Mark From Roots
[2023-03-14T16:16:46.467+0800][3.411s] GC(7) Using 3 workers of 3 for marking
[2023-03-14T16:16:46.472+0800][3.415s] GC(7) Concurrent Mark From Roots 4.802ms
[2023-03-14T16:16:46.472+0800][3.415s] GC(7) Concurrent Preclean
[2023-03-14T16:16:46.472+0800][3.415s] GC(7) Concurrent Preclean 0.026ms
[2023-03-14T16:16:46.472+0800][3.415s] GC(7) Pause Remark
[2023-03-14T16:16:46.474+0800][3.417s] GC(7) Pause Remark 40M->40M(512M) 1.298ms
[2023-03-14T16:16:46.474+0800][3.417s] GC(7) User=0.00s Sys=0.00s Real=0.00s
[2023-03-14T16:16:46.474+0800][3.417s] GC(7) Concurrent Mark 6.348ms
[2023-03-14T16:16:46.474+0800][3.417s] GC(7) Concurrent Rebuild Remembered Sets
[2023-03-14T16:16:46.477+0800][3.420s] GC(7) Concurrent Rebuild Remembered Sets 3.141ms
[2023-03-14T16:16:46.477+0800][3.421s] GC(7) Pause Cleanup
[2023-03-14T16:16:46.477+0800][3.421s] GC(7) Pause Cleanup 42M->42M(512M) 0.072ms
[2023-03-14T16:16:46.478+0800][3.421s] GC(7) User=0.00s Sys=0.00s Real=0.00s
[2023-03-14T16:16:46.478+0800][3.421s] GC(7) Concurrent Cleanup for Next Mark
[2023-03-14T16:16:46.478+0800][3.421s] GC(7) Concurrent Cleanup for Next Mark 0.316ms
[2023-03-14T16:16:46.478+0800][3.421s] GC(7) Concurrent Mark Cycle 13.029ms
[2023-03-14T16:16:47.191+0800][4.134s] GC(8) Pause Young (Normal) (G1 Evacuation Pause)
[2023-03-14T16:16:47.191+0800][4.134s] GC(8) Using 10 workers of 10 for evacuation
[2023-03-14T16:16:47.199+0800][4.142s] GC(8)   Pre Evacuate Collection Set: 0.1ms
[2023-03-14T16:16:47.199+0800][4.142s] GC(8)   Merge Heap Roots: 0.1ms
[2023-03-14T16:16:47.199+0800][4.142s] GC(8)   Evacuate Collection Set: 6.3ms
[2023-03-14T16:16:47.199+0800][4.142s] GC(8)   Post Evacuate Collection Set: 0.8ms
[2023-03-14T16:16:47.199+0800][4.142s] GC(8)   Other: 0.1ms
[2023-03-14T16:16:47.199+0800][4.142s] GC(8) Eden regions: 284->0(284)
[2023-03-14T16:16:47.199+0800][4.142s] GC(8) Survivor regions: 23->23(39)
[2023-03-14T16:16:47.199+0800][4.142s] GC(8) Old regions: 8->14
[2023-03-14T16:16:47.199+0800][4.142s] GC(8) Archive regions: 0->0
[2023-03-14T16:16:47.199+0800][4.142s] GC(8) Humongous regions: 4->4
[2023-03-14T16:16:47.199+0800][4.142s] GC(8) Metaspace: 44696K(45248K)->44696K(45248K) NonClass: 39480K(39808K)->39480K(39808K) Class: 5216K(5440K)->5216K(5440K)
[2023-03-14T16:16:47.199+0800][4.142s] GC(8) Pause Young (Normal) (G1 Evacuation Pause) 318M->40M(512M) 7.465ms
[2023-03-14T16:16:47.199+0800][4.142s] GC(8) User=0.00s Sys=0.00s Real=0.01s
