[2023-03-14T15:41:24.874+0800][0.010s] CardTable entry size: 512
[2023-03-14T15:41:24.875+0800][0.010s] Using G1
[2023-03-14T15:41:24.982+0800][0.117s] Version: 19.0.2+7-44 (release)
[2023-03-14T15:41:24.982+0800][0.117s] CPUs: 12 total, 12 available
[2023-03-14T15:41:24.982+0800][0.117s] Memory: 16318M
[2023-03-14T15:41:24.982+0800][0.117s] Large Page Support: Disabled
[2023-03-14T15:41:24.982+0800][0.117s] NUMA Support: Disabled
[2023-03-14T15:41:24.982+0800][0.117s] Compressed Oops: Enabled (32-bit)
[2023-03-14T15:41:24.982+0800][0.117s] Heap Region Size: 1M
[2023-03-14T15:41:24.982+0800][0.117s] Heap Min Capacity: 512M
[2023-03-14T15:41:24.982+0800][0.117s] Heap Initial Capacity: 512M
[2023-03-14T15:41:24.982+0800][0.117s] Heap Max Capacity: 512M
[2023-03-14T15:41:24.982+0800][0.117s] Pre-touch: Enabled
[2023-03-14T15:41:24.982+0800][0.117s] Parallel Workers: 10
[2023-03-14T15:41:24.982+0800][0.117s] Concurrent Workers: 3
[2023-03-14T15:41:24.982+0800][0.117s] Concurrent Refinement Workers: 10
[2023-03-14T15:41:24.982+0800][0.117s] Periodic GC: Disabled
[2023-03-14T15:41:24.983+0800][0.118s] CDS archive(s) mapped at: [0x0000000800000000-0x0000000800c40000-0x0000000800c40000), size 12845056, SharedBaseAddress: 0x0000000800000000, ArchiveRelocationMode: 0.
[2023-03-14T15:41:24.983+0800][0.118s] Compressed class space mapped at: 0x0000000801000000-0x0000000841000000, reserved size: 1073741824
[2023-03-14T15:41:24.983+0800][0.118s] Narrow klass base: 0x0000000800000000, Narrow klass shift: 0, Narrow klass range: 0x100000000
[2023-03-14T15:41:25.533+0800][0.668s] GC(0) Pause Young (Normal) (G1 Evacuation Pause)
[2023-03-14T15:41:25.534+0800][0.669s] GC(0) Using 10 workers of 10 for evacuation
[2023-03-14T15:41:25.537+0800][0.672s] GC(0)   Pre Evacuate Collection Set: 0.1ms
[2023-03-14T15:41:25.537+0800][0.672s] GC(0)   Merge Heap Roots: 0.1ms
[2023-03-14T15:41:25.537+0800][0.672s] GC(0)   Evacuate Collection Set: 2.2ms
[2023-03-14T15:41:25.537+0800][0.672s] GC(0)   Post Evacuate Collection Set: 0.4ms
[2023-03-14T15:41:25.537+0800][0.672s] GC(0)   Other: 0.8ms
[2023-03-14T15:41:25.537+0800][0.672s] GC(0) Eden regions: 29->0(44)
[2023-03-14T15:41:25.537+0800][0.672s] GC(0) Survivor regions: 0->4(4)
[2023-03-14T15:41:25.537+0800][0.672s] GC(0) Old regions: 0->0
[2023-03-14T15:41:25.537+0800][0.672s] GC(0) Archive regions: 0->0
[2023-03-14T15:41:25.537+0800][0.672s] GC(0) Humongous regions: 0->0
[2023-03-14T15:41:25.537+0800][0.672s] GC(0) Metaspace: 5807K(6016K)->5807K(6016K) NonClass: 5192K(5312K)->5192K(5312K) Class: 615K(704K)->615K(704K)
[2023-03-14T15:41:25.537+0800][0.672s] GC(0) Pause Young (Normal) (G1 Evacuation Pause) 29M->3M(512M) 3.829ms
[2023-03-14T15:41:25.537+0800][0.672s] GC(0) User=0.00s Sys=0.00s Real=0.00s
[2023-03-14T15:41:26.178+0800][1.313s] GC(1) Pause Young (Normal) (G1 Evacuation Pause)
[2023-03-14T15:41:26.178+0800][1.313s] GC(1) Using 10 workers of 10 for evacuation
[2023-03-14T15:41:26.184+0800][1.319s] GC(1)   Pre Evacuate Collection Set: 0.1ms
[2023-03-14T15:41:26.184+0800][1.319s] GC(1)   Merge Heap Roots: 0.0ms
[2023-03-14T15:41:26.184+0800][1.319s] GC(1)   Evacuate Collection Set: 5.5ms
[2023-03-14T15:41:26.184+0800][1.319s] GC(1)   Post Evacuate Collection Set: 0.5ms
[2023-03-14T15:41:26.184+0800][1.319s] GC(1)   Other: 0.1ms
[2023-03-14T15:41:26.184+0800][1.319s] GC(1) Eden regions: 44->0(301)
[2023-03-14T15:41:26.184+0800][1.319s] GC(1) Survivor regions: 4->6(6)
[2023-03-14T15:41:26.184+0800][1.319s] GC(1) Old regions: 0->8
[2023-03-14T15:41:26.184+0800][1.319s] GC(1) Archive regions: 0->0
[2023-03-14T15:41:26.184+0800][1.319s] GC(1) Humongous regions: 4->4
[2023-03-14T15:41:26.184+0800][1.319s] GC(1) Metaspace: 16277K(16576K)->16277K(16576K) NonClass: 14460K(14656K)->14460K(14656K) Class: 1817K(1920K)->1817K(1920K)
[2023-03-14T15:41:26.184+0800][1.319s] GC(1) Pause Young (Normal) (G1 Evacuation Pause) 51M->17M(512M) 6.390ms
[2023-03-14T15:41:26.184+0800][1.319s] GC(1) User=0.00s Sys=0.00s Real=0.01s
[2023-03-14T15:41:26.882+0800][2.017s] GC(2) Pause Young (Normal) (G1 Evacuation Pause)
[2023-03-14T15:41:26.882+0800][2.017s] GC(2) Using 10 workers of 10 for evacuation
[2023-03-14T15:41:26.886+0800][2.021s] GC(2)   Pre Evacuate Collection Set: 0.1ms
[2023-03-14T15:41:26.886+0800][2.021s] GC(2)   Merge Heap Roots: 0.1ms
[2023-03-14T15:41:26.886+0800][2.021s] GC(2)   Evacuate Collection Set: 2.9ms
[2023-03-14T15:41:26.886+0800][2.021s] GC(2)   Post Evacuate Collection Set: 0.9ms
[2023-03-14T15:41:26.886+0800][2.021s] GC(2)   Other: 0.1ms
[2023-03-14T15:41:26.886+0800][2.021s] GC(2) Eden regions: 301->0(295)
[2023-03-14T15:41:26.886+0800][2.021s] GC(2) Survivor regions: 6->12(39)
[2023-03-14T15:41:26.886+0800][2.021s] GC(2) Old regions: 8->8
[2023-03-14T15:41:26.886+0800][2.021s] GC(2) Archive regions: 0->0
[2023-03-14T15:41:26.886+0800][2.021s] GC(2) Humongous regions: 4->4
[2023-03-14T15:41:26.886+0800][2.021s] GC(2) Metaspace: 19623K(19968K)->19623K(19968K) NonClass: 17459K(17664K)->17459K(17664K) Class: 2163K(2304K)->2163K(2304K)
[2023-03-14T15:41:26.886+0800][2.021s] GC(2) Pause Young (Normal) (G1 Evacuation Pause) 318M->22M(512M) 4.309ms
[2023-03-14T15:41:26.886+0800][2.021s] GC(2) User=0.00s Sys=0.00s Real=0.00s
[2023-03-14T15:41:27.017+0800][2.152s] GC(3) Pause Young (Concurrent Start) (Metadata GC Threshold)
[2023-03-14T15:41:27.017+0800][2.152s] GC(3) Using 10 workers of 10 for evacuation
[2023-03-14T15:41:27.021+0800][2.156s] GC(3)   Pre Evacuate Collection Set: 0.1ms
[2023-03-14T15:41:27.021+0800][2.156s] GC(3)   Merge Heap Roots: 0.0ms
[2023-03-14T15:41:27.021+0800][2.156s] GC(3)   Evacuate Collection Set: 3.1ms
[2023-03-14T15:41:27.021+0800][2.156s] GC(3)   Post Evacuate Collection Set: 0.5ms
[2023-03-14T15:41:27.021+0800][2.156s] GC(3)   Other: 0.1ms
[2023-03-14T15:41:27.021+0800][2.156s] GC(3) Eden regions: 69->0(295)
[2023-03-14T15:41:27.021+0800][2.156s] GC(3) Survivor regions: 12->12(39)
[2023-03-14T15:41:27.021+0800][2.156s] GC(3) Old regions: 8->8
[2023-03-14T15:41:27.021+0800][2.156s] GC(3) Archive regions: 0->0
[2023-03-14T15:41:27.021+0800][2.156s] GC(3) Humongous regions: 5->4
[2023-03-14T15:41:27.021+0800][2.156s] GC(3) Metaspace: 21154K(21504K)->21154K(21504K) NonClass: 18795K(18944K)->18795K(18944K) Class: 2359K(2560K)->2359K(2560K)
[2023-03-14T15:41:27.021+0800][2.156s] GC(3) Pause Young (Concurrent Start) (Metadata GC Threshold) 92M->23M(512M) 4.051ms
[2023-03-14T15:41:27.021+0800][2.156s] GC(3) User=0.00s Sys=0.00s Real=0.00s
[2023-03-14T15:41:27.021+0800][2.156s] GC(4) Concurrent Mark Cycle
[2023-03-14T15:41:27.021+0800][2.157s] GC(4) Concurrent Clear Claimed Marks
[2023-03-14T15:41:27.021+0800][2.157s] GC(4) Concurrent Clear Claimed Marks 0.030ms
[2023-03-14T15:41:27.021+0800][2.157s] GC(4) Concurrent Scan Root Regions
[2023-03-14T15:41:27.023+0800][2.158s] GC(4) Concurrent Scan Root Regions 1.448ms
[2023-03-14T15:41:27.023+0800][2.158s] GC(4) Concurrent Mark
[2023-03-14T15:41:27.023+0800][2.158s] GC(4) Concurrent Mark From Roots
[2023-03-14T15:41:27.023+0800][2.158s] GC(4) Using 3 workers of 3 for marking
[2023-03-14T15:41:27.026+0800][2.162s] GC(4) Concurrent Mark From Roots 3.803ms
[2023-03-14T15:41:27.026+0800][2.162s] GC(4) Concurrent Preclean
[2023-03-14T15:41:27.027+0800][2.162s] GC(4) Concurrent Preclean 0.020ms
[2023-03-14T15:41:27.027+0800][2.162s] GC(4) Pause Remark
[2023-03-14T15:41:27.028+0800][2.163s] GC(4) Pause Remark 27M->27M(512M) 1.386ms
[2023-03-14T15:41:27.028+0800][2.163s] GC(4) User=0.00s Sys=0.00s Real=0.00s
[2023-03-14T15:41:27.028+0800][2.163s] GC(4) Concurrent Mark 5.396ms
[2023-03-14T15:41:27.028+0800][2.163s] GC(4) Concurrent Rebuild Remembered Sets
[2023-03-14T15:41:27.031+0800][2.167s] GC(4) Concurrent Rebuild Remembered Sets 3.105ms
[2023-03-14T15:41:27.031+0800][2.167s] GC(4) Pause Cleanup
[2023-03-14T15:41:27.031+0800][2.167s] GC(4) Pause Cleanup 28M->28M(512M) 0.072ms
[2023-03-14T15:41:27.031+0800][2.167s] GC(4) User=0.00s Sys=0.00s Real=0.00s
[2023-03-14T15:41:27.031+0800][2.167s] GC(4) Concurrent Cleanup for Next Mark
[2023-03-14T15:41:27.032+0800][2.167s] GC(4) Concurrent Cleanup for Next Mark 0.310ms
[2023-03-14T15:41:27.032+0800][2.167s] GC(4) Concurrent Mark Cycle 10.701ms
[2023-03-14T15:41:27.900+0800][3.035s] GC(5) Pause Young (Normal) (G1 Evacuation Pause)
[2023-03-14T15:41:27.900+0800][3.035s] GC(5) Using 10 workers of 10 for evacuation
[2023-03-14T15:41:27.906+0800][3.041s] GC(5)   Pre Evacuate Collection Set: 0.1ms
[2023-03-14T15:41:27.906+0800][3.041s] GC(5)   Merge Heap Roots: 0.1ms
[2023-03-14T15:41:27.906+0800][3.041s] GC(5)   Evacuate Collection Set: 4.7ms
[2023-03-14T15:41:27.906+0800][3.041s] GC(5)   Post Evacuate Collection Set: 0.7ms
[2023-03-14T15:41:27.906+0800][3.041s] GC(5)   Other: 0.1ms
[2023-03-14T15:41:27.906+0800][3.041s] GC(5) Eden regions: 295->0(291)
[2023-03-14T15:41:27.906+0800][3.041s] GC(5) Survivor regions: 12->16(39)
[2023-03-14T15:41:27.906+0800][3.041s] GC(5) Old regions: 8->8
[2023-03-14T15:41:27.906+0800][3.041s] GC(5) Archive regions: 0->0
[2023-03-14T15:41:27.906+0800][3.041s] GC(5) Humongous regions: 4->4
[2023-03-14T15:41:27.906+0800][3.041s] GC(5) Metaspace: 31912K(32384K)->31912K(32384K) NonClass: 28296K(28544K)->28296K(28544K) Class: 3616K(3840K)->3616K(3840K)
[2023-03-14T15:41:27.906+0800][3.041s] GC(5) Pause Young (Normal) (G1 Evacuation Pause) 318M->27M(512M) 5.920ms
[2023-03-14T15:41:27.906+0800][3.041s] GC(5) User=0.11s Sys=0.03s Real=0.01s
[2023-03-14T15:41:28.408+0800][3.543s] GC(6) Pause Young (Concurrent Start) (Metadata GC Threshold)
[2023-03-14T15:41:28.408+0800][3.543s] GC(6) Using 10 workers of 10 for evacuation
[2023-03-14T15:41:28.414+0800][3.549s] GC(6)   Pre Evacuate Collection Set: 0.1ms
[2023-03-14T15:41:28.414+0800][3.549s] GC(6)   Merge Heap Roots: 0.1ms
[2023-03-14T15:41:28.414+0800][3.549s] GC(6)   Evacuate Collection Set: 4.5ms
[2023-03-14T15:41:28.414+0800][3.549s] GC(6)   Post Evacuate Collection Set: 0.8ms
[2023-03-14T15:41:28.414+0800][3.549s] GC(6)   Other: 0.1ms
[2023-03-14T15:41:28.414+0800][3.549s] GC(6) Eden regions: 225->0(284)
[2023-03-14T15:41:28.414+0800][3.549s] GC(6) Survivor regions: 16->23(39)
[2023-03-14T15:41:28.414+0800][3.549s] GC(6) Old regions: 8->8
[2023-03-14T15:41:28.414+0800][3.549s] GC(6) Archive regions: 0->0
[2023-03-14T15:41:28.414+0800][3.549s] GC(6) Humongous regions: 5->4
[2023-03-14T15:41:28.414+0800][3.549s] GC(6) Metaspace: 35630K(36096K)->35630K(36096K) NonClass: 31544K(31808K)->31544K(31808K) Class: 4085K(4288K)->4085K(4288K)
[2023-03-14T15:41:28.414+0800][3.549s] GC(6) Pause Young (Concurrent Start) (Metadata GC Threshold) 253M->34M(512M) 5.753ms
[2023-03-14T15:41:28.414+0800][3.549s] GC(6) User=0.00s Sys=0.00s Real=0.01s
[2023-03-14T15:41:28.414+0800][3.549s] GC(7) Concurrent Mark Cycle
[2023-03-14T15:41:28.414+0800][3.549s] GC(7) Concurrent Clear Claimed Marks
[2023-03-14T15:41:28.414+0800][3.549s] GC(7) Concurrent Clear Claimed Marks 0.056ms
[2023-03-14T15:41:28.414+0800][3.549s] GC(7) Concurrent Scan Root Regions
[2023-03-14T15:41:28.417+0800][3.552s] GC(7) Concurrent Scan Root Regions 2.750ms
[2023-03-14T15:41:28.417+0800][3.552s] GC(7) Concurrent Mark
[2023-03-14T15:41:28.417+0800][3.552s] GC(7) Concurrent Mark From Roots
[2023-03-14T15:41:28.417+0800][3.552s] GC(7) Using 3 workers of 3 for marking
[2023-03-14T15:41:28.421+0800][3.557s] GC(7) Concurrent Mark From Roots 4.485ms
[2023-03-14T15:41:28.421+0800][3.557s] GC(7) Concurrent Preclean
[2023-03-14T15:41:28.421+0800][3.557s] GC(7) Concurrent Preclean 0.022ms
[2023-03-14T15:41:28.421+0800][3.557s] GC(7) Pause Remark
[2023-03-14T15:41:28.423+0800][3.558s] GC(7) Pause Remark 39M->39M(512M) 1.519ms
[2023-03-14T15:41:28.423+0800][3.558s] GC(7) User=0.00s Sys=0.00s Real=0.00s
[2023-03-14T15:41:28.423+0800][3.558s] GC(7) Concurrent Mark 6.244ms
[2023-03-14T15:41:28.423+0800][3.558s] GC(7) Concurrent Rebuild Remembered Sets
[2023-03-14T15:41:28.426+0800][3.561s] GC(7) Concurrent Rebuild Remembered Sets 2.981ms
[2023-03-14T15:41:28.426+0800][3.562s] GC(7) Pause Cleanup
[2023-03-14T15:41:28.426+0800][3.562s] GC(7) Pause Cleanup 41M->41M(512M) 0.076ms
[2023-03-14T15:41:28.426+0800][3.562s] GC(7) User=0.00s Sys=0.00s Real=0.00s
[2023-03-14T15:41:28.427+0800][3.562s] GC(7) Concurrent Cleanup for Next Mark
[2023-03-14T15:41:28.427+0800][3.562s] GC(7) Concurrent Cleanup for Next Mark 0.410ms
[2023-03-14T15:41:28.427+0800][3.562s] GC(7) Concurrent Mark Cycle 13.219ms
[2023-03-14T15:41:29.061+0800][4.196s] GC(8) Pause Young (Normal) (G1 Evacuation Pause)
[2023-03-14T15:41:29.061+0800][4.196s] GC(8) Using 10 workers of 10 for evacuation
[2023-03-14T15:41:29.067+0800][4.203s] GC(8)   Pre Evacuate Collection Set: 0.1ms
[2023-03-14T15:41:29.067+0800][4.203s] GC(8)   Merge Heap Roots: 0.1ms
[2023-03-14T15:41:29.067+0800][4.203s] GC(8)   Evacuate Collection Set: 5.5ms
[2023-03-14T15:41:29.067+0800][4.203s] GC(8)   Post Evacuate Collection Set: 0.7ms
[2023-03-14T15:41:29.067+0800][4.203s] GC(8)   Other: 0.1ms
[2023-03-14T15:41:29.067+0800][4.203s] GC(8) Eden regions: 284->0(287)
[2023-03-14T15:41:29.067+0800][4.203s] GC(8) Survivor regions: 23->20(39)
[2023-03-14T15:41:29.067+0800][4.203s] GC(8) Old regions: 8->14
[2023-03-14T15:41:29.067+0800][4.203s] GC(8) Archive regions: 0->0
[2023-03-14T15:41:29.067+0800][4.203s] GC(8) Humongous regions: 4->4
[2023-03-14T15:41:29.067+0800][4.203s] GC(8) Metaspace: 42705K(43264K)->42705K(43264K) NonClass: 37778K(38080K)->37778K(38080K) Class: 4926K(5184K)->4926K(5184K)
[2023-03-14T15:41:29.067+0800][4.203s] GC(8) Pause Young (Normal) (G1 Evacuation Pause) 318M->37M(512M) 6.730ms
[2023-03-14T15:41:29.067+0800][4.203s] GC(8) User=0.00s Sys=0.00s Real=0.01s
<<<<<<< Updated upstream
=======
[2023-03-14T16:01:28.158+0800][1203.293s] GC(9) Pause Young (Normal) (G1 Evacuation Pause)
[2023-03-14T16:01:28.158+0800][1203.293s] GC(9) Using 10 workers of 10 for evacuation
[2023-03-14T16:01:28.166+0800][1203.300s] GC(9)   Pre Evacuate Collection Set: 0.1ms
[2023-03-14T16:01:28.166+0800][1203.301s] GC(9)   Merge Heap Roots: 0.1ms
[2023-03-14T16:01:28.166+0800][1203.301s] GC(9)   Evacuate Collection Set: 6.5ms
[2023-03-14T16:01:28.166+0800][1203.301s] GC(9)   Post Evacuate Collection Set: 0.9ms
[2023-03-14T16:01:28.166+0800][1203.301s] GC(9)   Other: 0.1ms
[2023-03-14T16:01:28.166+0800][1203.301s] GC(9) Eden regions: 287->0(282)
[2023-03-14T16:01:28.166+0800][1203.301s] GC(9) Survivor regions: 20->25(39)
[2023-03-14T16:01:28.166+0800][1203.301s] GC(9) Old regions: 14->14
[2023-03-14T16:01:28.166+0800][1203.301s] GC(9) Archive regions: 0->0
[2023-03-14T16:01:28.166+0800][1203.301s] GC(9) Humongous regions: 4->4
[2023-03-14T16:01:28.166+0800][1203.301s] GC(9) Metaspace: 48835K(49408K)->48835K(49408K) NonClass: 43046K(43328K)->43046K(43328K) Class: 5788K(6080K)->5788K(6080K)
[2023-03-14T16:01:28.166+0800][1203.301s] GC(9) Pause Young (Normal) (G1 Evacuation Pause) 324M->42M(512M) 7.952ms
[2023-03-14T16:01:28.166+0800][1203.301s] GC(9) User=0.00s Sys=0.00s Real=0.01s
[2023-03-14T16:01:28.416+0800][1203.551s] GC(10) Pause Young (Normal) (G1 Evacuation Pause)
[2023-03-14T16:01:28.416+0800][1203.551s] GC(10) Using 10 workers of 10 for evacuation
[2023-03-14T16:01:28.421+0800][1203.556s] GC(10)   Pre Evacuate Collection Set: 0.1ms
[2023-03-14T16:01:28.421+0800][1203.556s] GC(10)   Merge Heap Roots: 0.1ms
[2023-03-14T16:01:28.421+0800][1203.556s] GC(10)   Evacuate Collection Set: 4.4ms
[2023-03-14T16:01:28.421+0800][1203.556s] GC(10)   Post Evacuate Collection Set: 0.8ms
[2023-03-14T16:01:28.421+0800][1203.556s] GC(10)   Other: 0.1ms
[2023-03-14T16:01:28.421+0800][1203.556s] GC(10) Eden regions: 282->0(285)
[2023-03-14T16:01:28.421+0800][1203.557s] GC(10) Survivor regions: 25->22(39)
[2023-03-14T16:01:28.421+0800][1203.557s] GC(10) Old regions: 14->19
[2023-03-14T16:01:28.421+0800][1203.557s] GC(10) Archive regions: 0->0
[2023-03-14T16:01:28.421+0800][1203.557s] GC(10) Humongous regions: 4->4
[2023-03-14T16:01:28.421+0800][1203.557s] GC(10) Metaspace: 49082K(49664K)->49082K(49664K) NonClass: 43294K(43584K)->43294K(43584K) Class: 5788K(6080K)->5788K(6080K)
[2023-03-14T16:01:28.421+0800][1203.557s] GC(10) Pause Young (Normal) (G1 Evacuation Pause) 324M->43M(512M) 5.702ms
[2023-03-14T16:01:28.421+0800][1203.557s] GC(10) User=0.14s Sys=0.00s Real=0.01s
[2023-03-14T16:06:07.407+0800][1482.543s] GC(11) Pause Young (Normal) (G1 Evacuation Pause)
[2023-03-14T16:06:07.407+0800][1482.543s] GC(11) Using 10 workers of 10 for evacuation
[2023-03-14T16:06:07.412+0800][1482.548s] GC(11)   Pre Evacuate Collection Set: 0.1ms
[2023-03-14T16:06:07.412+0800][1482.548s] GC(11)   Merge Heap Roots: 0.1ms
[2023-03-14T16:06:07.412+0800][1482.548s] GC(11)   Evacuate Collection Set: 4.0ms
[2023-03-14T16:06:07.412+0800][1482.548s] GC(11)   Post Evacuate Collection Set: 0.9ms
[2023-03-14T16:06:07.412+0800][1482.548s] GC(11)   Other: 0.1ms
[2023-03-14T16:06:07.412+0800][1482.548s] GC(11) Eden regions: 285->0(286)
[2023-03-14T16:06:07.412+0800][1482.548s] GC(11) Survivor regions: 22->21(39)
[2023-03-14T16:06:07.412+0800][1482.548s] GC(11) Old regions: 19->20
[2023-03-14T16:06:07.412+0800][1482.548s] GC(11) Archive regions: 0->0
[2023-03-14T16:06:07.412+0800][1482.548s] GC(11) Humongous regions: 4->4
[2023-03-14T16:06:07.412+0800][1482.548s] GC(11) Metaspace: 51531K(52224K)->51531K(52224K) NonClass: 45459K(45824K)->45459K(45824K) Class: 6072K(6400K)->6072K(6400K)
[2023-03-14T16:06:07.413+0800][1482.548s] GC(11) Pause Young (Normal) (G1 Evacuation Pause) 328M->44M(512M) 5.413ms
[2023-03-14T16:06:07.413+0800][1482.548s] GC(11) User=0.00s Sys=0.00s Real=0.01s
>>>>>>> Stashed changes
